Component: ARM Compiler 6.12 Tool: armlink [5d624300]

==============================================================================

Section Cross References

    startup_stm32l552xx.o(RESET) refers to startup_stm32l552xx.o(STACK) for __initial_sp
    startup_stm32l552xx.o(RESET) refers to startup_stm32l552xx.o(.text) for Reset_Handler
    startup_stm32l552xx.o(RESET) refers to stm32l5xx_it.o(.text.NMI_Handler) for NMI_Handler
    startup_stm32l552xx.o(RESET) refers to stm32l5xx_it.o(.text.HardFault_Handler) for HardFault_Handler
    startup_stm32l552xx.o(RESET) refers to stm32l5xx_it.o(.text.MemManage_Handler) for MemManage_Handler
    startup_stm32l552xx.o(RESET) refers to stm32l5xx_it.o(.text.BusFault_Handler) for BusFault_Handler
    startup_stm32l552xx.o(RESET) refers to stm32l5xx_it.o(.text.UsageFault_Handler) for UsageFault_Handler
    startup_stm32l552xx.o(RESET) refers to stm32l5xx_it.o(.text.SVC_Handler) for SVC_Handler
    startup_stm32l552xx.o(RESET) refers to stm32l5xx_it.o(.text.DebugMon_Handler) for DebugMon_Handler
    startup_stm32l552xx.o(RESET) refers to stm32l5xx_it.o(.text.PendSV_Handler) for PendSV_Handler
    startup_stm32l552xx.o(RESET) refers to stm32l5xx_it.o(.text.SysTick_Handler) for SysTick_Handler
    startup_stm32l552xx.o(RESET) refers to stm32l5xx_it.o(.text.EXTI2_IRQHandler) for EXTI2_IRQHandler
    startup_stm32l552xx.o(RESET) refers to stm32l5xx_it.o(.text.EXTI5_IRQHandler) for EXTI5_IRQHandler
    startup_stm32l552xx.o(RESET) refers to stm32l5xx_it.o(.text.EXTI8_IRQHandler) for EXTI8_IRQHandler
    startup_stm32l552xx.o(RESET) refers to stm32l5xx_it.o(.text.TIM6_IRQHandler) for TIM6_IRQHandler
    startup_stm32l552xx.o(RESET) refers to stm32l5xx_it.o(.text.USART2_IRQHandler) for USART2_IRQHandler
    startup_stm32l552xx.o(RESET) refers to stm32l5xx_it.o(.text.USART3_IRQHandler) for USART3_IRQHandler
    startup_stm32l552xx.o(RESET) refers to stm32l5xx_it.o(.text.UART4_IRQHandler) for UART4_IRQHandler
    startup_stm32l552xx.o(.text) refers to system_stm32l5xx.o(.text.SystemInit) for SystemInit
    startup_stm32l552xx.o(.text) refers to entry.o(.ARM.Collect$$$$00000000) for __main
    main.o(.text.main) refers to stm32l5xx_hal.o(.text.HAL_Init) for HAL_Init
    main.o(.text.main) refers to main.o(.text.SystemClock_Config) for SystemClock_Config
    main.o(.text.main) refers to gpio.o(.text.MX_GPIO_Init) for MX_GPIO_Init
    main.o(.text.main) refers to usart.o(.text.MX_USART2_UART_Init) for MX_USART2_UART_Init
    main.o(.text.main) refers to usart.o(.text.MX_USART3_UART_Init) for MX_USART3_UART_Init
    main.o(.text.main) refers to usart.o(.text.MX_UART4_Init) for MX_UART4_Init
    main.o(.text.main) refers to tim.o(.text.MX_TIM3_Init) for MX_TIM3_Init
    main.o(.text.main) refers to i2c.o(.text.MX_I2C1_Init) for MX_I2C1_Init
    main.o(.text.main) refers to i2c.o(.text.MX_I2C3_Init) for MX_I2C3_Init
    main.o(.text.main) refers to i2c.o(.text.MX_I2C4_Init) for MX_I2C4_Init
    main.o(.text.main) refers to spi.o(.text.MX_SPI3_Init) for MX_SPI3_Init
    main.o(.text.main) refers to tim.o(.text.MX_TIM6_Init) for MX_TIM6_Init
    main.o(.text.main) refers to spl06.o(.text.spl0607_init) for spl0607_init
    main.o(.text.main) refers to tim.o(.bss.htim6) for htim6
    main.o(.text.main) refers to stm32l5xx_hal_tim.o(.text.HAL_TIM_Base_Start_IT) for HAL_TIM_Base_Start_IT
    main.o(.text.main) refers to tim.o(.bss.htim3) for htim3
    main.o(.text.main) refers to stm32l5xx_hal_tim.o(.text.HAL_TIM_PWM_Start) for HAL_TIM_PWM_Start
    main.o(.text.main) refers to lsm6dso.o(.text.LSM6DSO_Init) for LSM6DSO_Init
    main.o(.text.main) refers to w25qxx.o(.text.BSP_W25Qx_Init) for BSP_W25Qx_Init
    main.o(.text.main) refers to main.o(.bss.ID) for ID
    main.o(.text.main) refers to w25qxx.o(.text.BSP_W25Qx_Read_ID) for BSP_W25Qx_Read_ID
    main.o(.text.main) refers to main.o(.bss.i) for i
    main.o(.text.main) refers to main.o(.bss.wData) for wData
    main.o(.text.main) refers to main.o(.bss.rData) for rData
    main.o(.text.main) refers to w25qxx.o(.text.BSP_W25Qx_Write) for BSP_W25Qx_Write
    main.o(.text.main) refers to w25qxx.o(.text.BSP_W25Qx_Read) for BSP_W25Qx_Read
    main.o(.text.main) refers to es600s.o(.text.at_process) for at_process
    main.o(.ARM.exidx.text.main) refers to main.o(.text.main) for [Anonymous Symbol]
    main.o(.text.SystemClock_Config) refers to memseta.o(.text) for __aeabi_memclr4
    main.o(.text.SystemClock_Config) refers to stm32l5xx_hal_pwr_ex.o(.text.HAL_PWREx_ControlVoltageScaling) for HAL_PWREx_ControlVoltageScaling
    main.o(.text.SystemClock_Config) refers to main.o(.text.Error_Handler) for Error_Handler
    main.o(.text.SystemClock_Config) refers to stm32l5xx_hal_rcc.o(.text.HAL_RCC_OscConfig) for HAL_RCC_OscConfig
    main.o(.text.SystemClock_Config) refers to stm32l5xx_hal_rcc.o(.text.HAL_RCC_ClockConfig) for HAL_RCC_ClockConfig
[...]
    [Anonymous Symbol]                       0x0800a218   Section        0  es600s.o(.text.get_work_state)
    [Anonymous Symbol]                       0x0800a244   Section        0  lsm6dso.o(.text.init_LSM6DSO_ACC)
    [Anonymous Symbol]                       0x0800a2c0   Section        0  lsm6dso.o(.text.init_LSM6DSO_GYRO)
    [Anonymous Symbol]                       0x0800a320   Section        0  main.o(.text.main)
    [Anonymous Symbol]                       0x0800a420   Section        0  es600s.o(.text.module_init)
    [Anonymous Symbol]                       0x0800a488   Section        0  es600s.o(.text.parse_another_cmd)
    [Anonymous Symbol]                       0x0800a610   Section        0  es600s.o(.text.parse_cops_cmd)
    [Anonymous Symbol]                       0x0800a698   Section        0  es600s.o(.text.parse_creg_cmd)
    [Anonymous Symbol]                       0x0800a768   Section        0  es600s.o(.text.parse_csq_cmd)
    [Anonymous Symbol]                       0x0800a7dc   Section        0  protocol.o(.text.parse_http_pkg)
    [Anonymous Symbol]                       0x0800a7f4   Section        0  es600s.o(.text.parse_imei_cmd)
    [Anonymous Symbol]                       0x0800a85c   Section        0  es600s.o(.text.parse_imsi_cmd)
    [Anonymous Symbol]                       0x0800a8c4   Section        0  es600s.o(.text.parse_package_type)
    [Anonymous Symbol]                       0x0800aa14   Section        0  es600s.o(.text.parse_qccid_cmd)
    [Anonymous Symbol]                       0x0800aa80   Section        0  protocol.o(.text.push_interval_package_process)
    [Anonymous Symbol]                       0x0800ac04   Section        0  spl06.o(.text.spl0607_get_calib_param)
    [Anonymous Symbol]                       0x0800ae94   Section        0  spl06.o(.text.spl0607_init)
    [Anonymous Symbol]                       0x0800aef0   Section        0  spl06.o(.text.spl0607_rateset)
    [Anonymous Symbol]                       0x0800b14c   Section        0  spl06.o(.text.spl0607_read)
    [Anonymous Symbol]                       0x0800b1a8   Section        0  spl06.o(.text.spl0607_start_continuous)
    [Anonymous Symbol]                       0x0800b1cc   Section        0  spl06.o(.text.spl0607_write)
    [Anonymous Symbol]                       0x0800b21c   Section        0  es600s.o(.text.split_diff_type)
    i.__aeabi_errno_addr                     0x0800b41c   Section        0  errno.o(i.__aeabi_errno_addr)
    i.__scatterload_copy                     0x0800b424   Section       14  handlers.o(i.__scatterload_copy)
    i.__scatterload_null                     0x0800b432   Section        2  handlers.o(i.__scatterload_null)
    i.__scatterload_zeroinit                 0x0800b434   Section       14  handlers.o(i.__scatterload_zeroinit)
    .constdata                               0x0800b442   Section      129  ctype_o.o(.constdata)
    table                                    0x0800b4c4   Data           4  ctype_o.o(.constdata)
    .constdata                               0x0800b4c4   Section        4  ctype_o.o(.constdata)
    LSM6DSO_ACC_Sensitivity_List             0x0800b4e0   Data          32  lsm6dso.o(.rodata.LSM6DSO_ACC_Sensitivity_List)
    [Anonymous Symbol]                       0x0800b4e0   Section        0  lsm6dso.o(.rodata.LSM6DSO_ACC_Sensitivity_List)
    LSM6DSO_GYRO_Sensitivity_List            0x0800b500   Data          40  lsm6dso.o(.rodata.LSM6DSO_GYRO_Sensitivity_List)
    [Anonymous Symbol]                       0x0800b500   Section        0  lsm6dso.o(.rodata.LSM6DSO_GYRO_Sensitivity_List)
    .L.str                                   0x0800b580   Data           5  es600s.o(.rodata.str1.1)
    [Anonymous Symbol]                       0x0800b580   Section        0  es600s.o(.rodata.str1.1)
    .L.str.2                                 0x0800b582   Data           3  es600s.o(.rodata.str1.1)
    .L.str.10                                0x0800b585   Data           9  es600s.o(.rodata.str1.1)
    .L.str.13                                0x0800b58e   Data           8  es600s.o(.rodata.str1.1)
    .L.str.11                                0x0800b596   Data           6  es600s.o(.rodata.str1.1)
    .L.str.12                                0x0800b59c   Data           2  es600s.o(.rodata.str1.1)
    .L.str.3                                 0x0800b59e   Data          11  es600s.o(.rodata.str1.1)
    .L.str.1                                 0x0800b5a9   Data          11  es600s.o(.rodata.str1.1)
    .L.str.7                                 0x0800b5b4   Data           5  es600s.o(.rodata.str1.1)
    .L.str.4                                 0x0800b5b9   Data          11  es600s.o(.rodata.str1.1)
    .L.str.9                                 0x0800b5c4   Data           6  es600s.o(.rodata.str1.1)
    .L.str.8                                 0x0800b5ca   Data          10  es600s.o(.rodata.str1.1)
    .L.str.5                                 0x0800b5d4   Data          16  es600s.o(.rodata.str1.1)
    .L.str.6                                 0x0800b5e4   Data           4  es600s.o(.rodata.str1.1)
    _errno                                   0x20000000   Data           4  errno.o(.data)
    .data                                    0x20000000   Section        4  errno.o(.data)
    lsm6dso_gyro                             0x20000648   Data          20  lsm6dso.o(.data.lsm6dso_gyro)
    [Anonymous Symbol]                       0x20000648   Section        0  lsm6dso.o(.data.lsm6dso_gyro)
    lsm6dso_xl                               0x2000065c   Data          20  lsm6dso.o(.data.lsm6dso_xl)
    [Anonymous Symbol]                       0x2000065c   Section        0  lsm6dso.o(.data.lsm6dso_xl)
    p_spl0607                                0x20000e94   Data           4  spl06.o(.bss.p_spl0607)
    [Anonymous Symbol]                       0x20000e94   Section        0  spl06.o(.bss.p_spl0607)
    push_interval_package_process.delay_index 0x20000e98   Data           1  protocol.o(.bss.push_interval_package_process.delay_index)
    [Anonymous Symbol]                       0x20000e98   Section        0  protocol.o(.bss.push_interval_package_process.delay_index)
    spl0607                                  0x20000fa0   Data          44  spl06.o(.bss.spl0607)
    [Anonymous Symbol]                       0x20000fa0   Section        0  spl06.o(.bss.spl0607)
    STACK                                    0x200010e8   Section     1024  startup_stm32l552xx.o(STACK)

    Global Symbols

    Symbol Name                              Value     Ov Type        Size  Object(Section)

    BuildAttributes$$THM_ISAv4$E$P$D$K$B$S$7EM$8M$VFPi5$EXTD16$VFPS$VFMA$PE$A:L22UL41UL21$X:L11$S22US41US21$IEEE1$IW$~IW$USESV6$~STKCKD$USESV7$WCHAR32$ENUMINT$~SHL$OTIME$ROPI$IEEEX$EBA8$MICROLIB$REQ8$PRES8$EABIv2 0x00000000   Number         0  anon$$obj.o ABSOLUTE
    __cpp_initialize__aeabi_                  - Undefined Weak Reference
    __cxa_finalize                            - Undefined Weak Reference
    _clock_init                               - Undefined Weak Reference
    _microlib_exit                            - Undefined Weak Reference
    __Vectors_Size                           0x000001f4   Number         0  startup_stm32l552xx.o ABSOLUTE
    __Vectors                                0x08000000   Data           4  startup_stm32l552xx.o(RESET)
    __Vectors_End                            0x080001f4   Data           0  startup_stm32l552xx.o(RESET)
    __main                                   0x080001f5   Thumb Code     0  entry.o(.ARM.Collect$$$$00000000)
    _main_stk                                0x080001f5   Thumb Code     0  entry2.o(.ARM.Collect$$$$00000001)
    _main_scatterload                        0x080001f9   Thumb Code     0  entry5.o(.ARM.Collect$$$$00000004)
    __main_after_scatterload                 0x080001fd   Thumb Code     0  entry5.o(.ARM.Collect$$$$00000004)
    _main_clock                              0x080001fd   Thumb Code     0  entry7b.o(.ARM.Collect$$$$00000008)
    _main_cpp_init                           0x080001fd   Thumb Code     0  entry8b.o(.ARM.Collect$$$$0000000A)
    _main_init                               0x080001fd   Thumb Code     0  entry9a.o(.ARM.Collect$$$$0000000B)
    __rt_final_cpp                           0x08000205   Thumb Code     0  entry10a.o(.ARM.Collect$$$$0000000D)
    __rt_final_exit                          0x08000205   Thumb Code     0  entry11a.o(.ARM.Collect$$$$0000000F)
    Reset_Handler                            0x08000209   Thumb Code     8  startup_stm32l552xx.o(.text)
    SecureFault_Handler                      0x0800021b   Thumb Code     2  startup_stm32l552xx.o(.text)
    ADC1_2_IRQHandler                        0x08000225   Thumb Code     0  startup_stm32l552xx.o(.text)
    COMP_IRQHandler                          0x08000225   Thumb Code     0  startup_stm32l552xx.o(.text)
    CRS_IRQHandler                           0x08000225   Thumb Code     0  startup_stm32l552xx.o(.text)
    DAC_IRQHandler                           0x08000225   Thumb Code     0  startup_stm32l552xx.o(.text)
    DFSDM1_FLT0_IRQHandler                   0x08000225   Thumb Code     0  startup_stm32l552xx.o(.text)
    DFSDM1_FLT1_IRQHandler                   0x08000225   Thumb Code     0  startup_stm32l552xx.o(.text)
    DFSDM1_FLT2_IRQHandler                   0x08000225   Thumb Code     0  startup_stm32l552xx.o(.text)
    DFSDM1_FLT3_IRQHandler                   0x08000225   Thumb Code     0  startup_stm32l552xx.o(.text)
    DMA1_Channel1_IRQHandler                 0x08000225   Thumb Code     0  startup_stm32l552xx.o(.text)
    DMA1_Channel2_IRQHandler                 0x08000225   Thumb Code     0  startup_stm32l552xx.o(.text)
    DMA1_Channel3_IRQHandler                 0x08000225   Thumb Code     0  startup_stm32l552xx.o(.text)
    DMA1_Channel4_IRQHandler                 0x08000225   Thumb Code     0  startup_stm32l552xx.o(.text)
    DMA1_Channel5_IRQHandler                 0x08000225   Thumb Code     0  startup_stm32l552xx.o(.text)
    DMA1_Channel6_IRQHandler                 0x08000225   Thumb Code     0  startup_stm32l552xx.o(.text)
    DMA1_Channel7_IRQHandler                 0x08000225   Thumb Code     0  startup_stm32l552xx.o(.text)
    DMA1_Channel8_IRQHandler                 0x08000225   Thumb Code     0  startup_stm32l552xx.o(.text)
    DMA2_Channel1_IRQHandler                 0x08000225   Thumb Code     0  startup_stm32l552xx.o(.text)
    DMA2_Channel2_IRQHandler                 0x08000225   Thumb Code     0  startup_stm32l552xx.o(.text)
    DMA2_Channel3_IRQHandler                 0x08000225   Thumb Code     0  startup_stm32l552xx.o(.text)
    DMA2_Channel4_IRQHandler                 0x08000225   Thumb Code     0  startup_stm32l552xx.o(.text)
    DMA2_Channel5_IRQHandler                 0x08000225   Thumb Code     0  startup_stm32l552xx.o(.text)
    DMA2_Channel6_IRQHandler                 0x08000225   Thumb Code     0  startup_stm32l552xx.o(.text)
    DMA2_Channel7_IRQHandler                 0x08000225   Thumb Code     0  startup_stm32l552xx.o(.text)
    DMA2_Channel8_IRQHandler                 0x08000225   Thumb Code     0  startup_stm32l552xx.o(.text)
    DMAMUX1_IRQHandler                       0x08000225   Thumb Code     0  startup_stm32l552xx.o(.text)
    DMAMUX1_S_IRQHandler                     0x08000225   Thumb Code     0  startup_stm32l552xx.o(.text)
    EXTI0_IRQHandler                         0x08000225   Thumb Code     0  startup_stm32l552xx.o(.text)
    EXTI10_IRQHandler                        0x08000225   Thumb Code     0  startup_stm32l552xx.o(.text)
    EXTI11_IRQHandler                        0x08000225   Thumb Code     0  startup_stm32l552xx.o(.text)
    EXTI12_IRQHandler                        0x08000225   Thumb Code     0  startup_stm32l552xx.o(.text)
    EXTI13_IRQHandler                        0x08000225   Thumb Code     0  startup_stm32l552xx.o(.text)
    EXTI14_IRQHandler                        0x08000225   Thumb Code     0  startup_stm32l552xx.o(.text)
    EXTI15_IRQHandler                        0x08000225   Thumb Code     0  startup_stm32l552xx.o(.text)
    EXTI1_IRQHandler                         0x08000225   Thumb Code     0  startup_stm32l552xx.o(.text)
    EXTI3_IRQHandler                         0x08000225   Thumb Code     0  startup_stm32l552xx.o(.text)
    EXTI4_IRQHandler                         0x08000225   Thumb Code     0  startup_stm32l552xx.o(.text)
    EXTI6_IRQHandler                         0x08000225   Thumb Code     0  startup_stm32l552xx.o(.text)
    EXTI7_IRQHandler                         0x08000225   Thumb Code     0  startup_stm32l552xx.o(.text)
    EXTI9_IRQHandler                         0x08000225   Thumb Code     0  startup_stm32l552xx.o(.text)
    FDCAN1_IT0_IRQHandler                    0x08000225   Thumb Code     0  startup_stm32l552xx.o(.text)
    FDCAN1_IT1_IRQHandler                    0x08000225   Thumb Code     0  startup_stm32l552xx.o(.text)
    FLASH_IRQHandler                         0x08000225   Thumb Code     0  startup_stm32l552xx.o(.text)
    FLASH_S_IRQHandler                       0x08000225   Thumb Code     0  startup_stm32l552xx.o(.text)
    FMC_IRQHandler                           0x08000225   Thumb Code     0  startup_stm32l552xx.o(.text)
    FPU_IRQHandler                           0x08000225   Thumb Code     0  startup_stm32l552xx.o(.text)
    GTZC_IRQHandler                          0x08000225   Thumb Code     0  startup_stm32l552xx.o(.text)
    HASH_IRQHandler                          0x08000225   Thumb Code     0  startup_stm32l552xx.o(.text)
    I2C1_ER_IRQHandler                       0x08000225   Thumb Code     0  startup_stm32l552xx.o(.text)
    I2C1_EV_IRQHandler                       0x08000225   Thumb Code     0  startup_stm32l552xx.o(.text)
    I2C2_ER_IRQHandler                       0x08000225   Thumb Code     0  startup_stm32l552xx.o(.text)
    I2C2_EV_IRQHandler                       0x08000225   Thumb Code     0  startup_stm32l552xx.o(.text)
    I2C3_ER_IRQHandler                       0x08000225   Thumb Code     0  startup_stm32l552xx.o(.text)
    I2C3_EV_IRQHandler                       0x08000225   Thumb Code     0  startup_stm32l552xx.o(.text)
    I2C4_ER_IRQHandler                       0x08000225   Thumb Code     0  startup_stm32l552xx.o(.text)
    I2C4_EV_IRQHandler                       0x08000225   Thumb Code     0  startup_stm32l552xx.o(.text)
    ICACHE_IRQHandler                        0x08000225   Thumb Code     0  startup_stm32l552xx.o(.text)
    LPTIM1_IRQHandler                        0x08000225   Thumb Code     0  startup_stm32l552xx.o(.text)
    LPTIM2_IRQHandler                        0x08000225   Thumb Code     0  startup_stm32l552xx.o(.text)
    LPTIM3_IRQHandler                        0x08000225   Thumb Code     0  startup_stm32l552xx.o(.text)
    LPUART1_IRQHandler                       0x08000225   Thumb Code     0  startup_stm32l552xx.o(.text)
    OCTOSPI1_IRQHandler                      0x08000225   Thumb Code     0  startup_stm32l552xx.o(.text)
    PVD_PVM_IRQHandler                       0x08000225   Thumb Code     0  startup_stm32l552xx.o(.text)
    RCC_IRQHandler                           0x08000225   Thumb Code     0  startup_stm32l552xx.o(.text)
    RCC_S_IRQHandler                         0x08000225   Thumb Code     0  startup_stm32l552xx.o(.text)
    RNG_IRQHandler                           0x08000225   Thumb Code     0  startup_stm32l552xx.o(.text)
    RTC_IRQHandler                           0x08000225   Thumb Code     0  startup_stm32l552xx.o(.text)
    RTC_S_IRQHandler                         0x08000225   Thumb Code     0  startup_stm32l552xx.o(.text)
    SAI1_IRQHandler                          0x08000225   Thumb Code     0  startup_stm32l552xx.o(.text)
    SAI2_IRQHandler                          0x08000225   Thumb Code     0  startup_stm32l552xx.o(.text)
    SDMMC1_IRQHandler                        0x08000225   Thumb Code     0  startup_stm32l552xx.o(.text)
    SPI1_IRQHandler                          0x08000225   Thumb Code     0  startup_stm32l552xx.o(.text)
    SPI2_IRQHandler                          0x08000225   Thumb Code     0  startup_stm32l552xx.o(.text)
    SPI3_IRQHandler                          0x08000225   Thumb Code     0  startup_stm32l552xx.o(.text)
    TAMP_IRQHandler                          0x08000225   Thumb Code     0  startup_stm32l552xx.o(.text)
    TAMP_S_IRQHandler                        0x08000225   Thumb Code     0  startup_stm32l552xx.o(.text)
    TIM15_IRQHandler                         0x08000225   Thumb Code     0  startup_stm32l552xx.o(.text)
    TIM16_IRQHandler                         0x08000225   Thumb Code     0  startup_stm32l552xx.o(.text)
    TIM17_IRQHandler                         0x08000225   Thumb Code     0  startup_stm32l552xx.o(.text)
    TIM1_BRK_IRQHandler                      0x08000225   Thumb Code     0  startup_stm32l552xx.o(.text)
    TIM1_CC_IRQHandler                       0x08000225   Thumb Code     0  startup_stm32l552xx.o(.text)
    TIM1_TRG_COM_IRQHandler                  0x08000225   Thumb Code     0  startup_stm32l552xx.o(.text)
    TIM1_UP_IRQHandler                       0x08000225   Thumb Code     0  startup_stm32l552xx.o(.text)
    TIM2_IRQHandler                          0x08000225   Thumb Code     0  startup_stm32l552xx.o(.text)
    TIM3_IRQHandler                          0x08000225   Thumb Code     0  startup_stm32l552xx.o(.text)
    TIM4_IRQHandler                          0x08000225   Thumb Code     0  startup_stm32l552xx.o(.text)
    TIM5_IRQHandler                          0x08000225   Thumb Code     0  startup_stm32l552xx.o(.text)
    TIM7_IRQHandler                          0x08000225   Thumb Code     0  startup_stm32l552xx.o(.text)
    TIM8_BRK_IRQHandler                      0x08000225   Thumb Code     0  startup_stm32l552xx.o(.text)
    TIM8_CC_IRQHandler                       0x08000225   Thumb Code     0  startup_stm32l552xx.o(.text)
    TIM8_TRG_COM_IRQHandler                  0x08000225   Thumb Code     0  startup_stm32l552xx.o(.text)
    TIM8_UP_IRQHandler                       0x08000225   Thumb Code     0  startup_stm32l552xx.o(.text)
    TSC_IRQHandler                           0x08000225   Thumb Code     0  startup_stm32l552xx.o(.text)
    UART5_IRQHandler                         0x08000225   Thumb Code     0  startup_stm32l552xx.o(.text)
    UCPD1_IRQHandler                         0x08000225   Thumb Code     0  startup_stm32l552xx.o(.text)
    USART1_IRQHandler                        0x08000225   Thumb Code     0  startup_stm32l552xx.o(.text)
    USB_FS_IRQHandler                        0x08000225   Thumb Code     0  startup_stm32l552xx.o(.text)
    WWDG_IRQHandler                          0x08000225   Thumb Code     0  startup_stm32l552xx.o(.text)
    __aeabi_uldivmod                         0x08000231   Thumb Code    98  uldiv.o(.text)
    __aeabi_ldivmod                          0x08000293   Thumb Code    98  ldiv.o(.text)
    __aeabi_memcpy                           0x080002f5   Thumb Code    36  memcpya.o(.text)
    __aeabi_memcpy4                          0x080002f5   Thumb Code     0  memcpya.o(.text)
    __aeabi_memcpy8                          0x080002f5   Thumb Code     0  memcpya.o(.text)
    __aeabi_memset                           0x08000319   Thumb Code    14  memseta.o(.text)
    __aeabi_memset4                          0x08000319   Thumb Code     0  memseta.o(.text)
    __aeabi_memset8                          0x08000319   Thumb Code     0  memseta.o(.text)
    __aeabi_memclr                           0x08000327   Thumb Code     4  memseta.o(.text)
    __aeabi_memclr4                          0x08000327   Thumb Code     0  memseta.o(.text)
    __aeabi_memclr8                          0x08000327   Thumb Code     0  memseta.o(.text)
    _memset$wrapper                          0x0800032b   Thumb Code    18  memseta.o(.text)
    strstr                                   0x0800033d   Thumb Code    36  strstr.o(.text)
    strlen                                   0x08000361   Thumb Code    14  strlen.o(.text)
    atoi                                     0x0800036f   Thumb Code    26  atoi.o(.text)
    __aeabi_llsl                             0x08000389   Thumb Code    30  llshl.o(.text)
    _ll_shift_l                              0x08000389   Thumb Code     0  llshl.o(.text)
    __aeabi_llsr                             0x080003a7   Thumb Code    32  llushr.o(.text)
    _ll_ushift_r                             0x080003a7   Thumb Code     0  llushr.o(.text)
    strtol                                   0x080003c7   Thumb Code   112  strtol.o(.text)
    __scatterload                            0x08000439   Thumb Code    28  init.o(.text)
    __scatterload_rt2                        0x08000439   Thumb Code     0  init.o(.text)
    __rt_ctype_table                         0x0800045d   Thumb Code     4  ctype_o.o(.text)
    _strtoul                                 0x08000465   Thumb Code   158  _strtoul.o(.text)
    _chval                                   0x08000503   Thumb Code    28  _chval.o(.text)
    __decompress                             0x0800051f   Thumb Code     0  __dczerorl2.o(.text)
    __decompress1                            0x0800051f   Thumb Code    86  __dczerorl2.o(.text)
    BSP_W25Qx_Init                           0x080005f5   Thumb Code    12  w25qxx.o(.text.BSP_W25Qx_Init)
    BSP_W25Qx_Read                           0x08000601   Thumb Code   154  w25qxx.o(.text.BSP_W25Qx_Read)
    BSP_W25Qx_Read_ID                        0x0800069d   Thumb Code    94  w25qxx.o(.text.BSP_W25Qx_Read_ID)
    BSP_W25Qx_Write                          0x08000745   Thumb Code   350  w25qxx.o(.text.BSP_W25Qx_Write)
    BSP_W25Qx_WriteEnable                    0x080008a5   Thumb Code   136  w25qxx.o(.text.BSP_W25Qx_WriteEnable)
    BusFault_Handler                         0x0800092d   Thumb Code     4  stm32l5xx_it.o(.text.BusFault_Handler)
    DebugMon_Handler                         0x08000931   Thumb Code     2  stm32l5xx_it.o(.text.DebugMon_Handler)
    EXTI2_IRQHandler                         0x08000935   Thumb Code    10  stm32l5xx_it.o(.text.EXTI2_IRQHandler)
    EXTI5_IRQHandler                         0x08000941   Thumb Code    10  stm32l5xx_it.o(.text.EXTI5_IRQHandler)
    EXTI8_IRQHandler                         0x0800094d   Thumb Code    12  stm32l5xx_it.o(.text.EXTI8_IRQHandler)
    EnterQue                                 0x08000959   Thumb Code    80  queue.o(.text.EnterQue)
    Error_Handler                            0x080009a9   Thumb Code    14  main.o(.text.Error_Handler)
    GetATIndex                               0x080009b9   Thumb Code    98  es600s.o(.text.GetATIndex)
    GetComma                                 0x08000a1d   Thumb Code   108  es600s.o(.text.GetComma)
    GsmSendData                              0x08000a89   Thumb Code    58  bsp_uart.o(.text.GsmSendData)
    HAL_DMA_Abort                            0x08000ac5   Thumb Code   166  stm32l5xx_hal_dma.o(.text.HAL_DMA_Abort)
    HAL_DMA_Abort_IT                         0x08000b6d   Thumb Code   172  stm32l5xx_hal_dma.o(.text.HAL_DMA_Abort_IT)
    HAL_Delay                                0x08000c19   Thumb Code    78  stm32l5xx_hal.o(.text.HAL_Delay)
    HAL_GPIO_EXTI_Falling_Callback           0x08000c69   Thumb Code    14  stm32l5xx_hal_gpio.o(.text.HAL_GPIO_EXTI_Falling_Callback)
    HAL_GPIO_EXTI_IRQHandler                 0x08000c79   Thumb Code   104  stm32l5xx_hal_gpio.o(.text.HAL_GPIO_EXTI_IRQHandler)
    HAL_GPIO_EXTI_Rising_Callback            0x08000ce1   Thumb Code    14  stm32l5xx_hal_gpio.o(.text.HAL_GPIO_EXTI_Rising_Callback)
    HAL_GPIO_Init                            0x08000cf1   Thumb Code   900  stm32l5xx_hal_gpio.o(.text.HAL_GPIO_Init)
    HAL_GPIO_WritePin                        0x08001075   Thumb Code    60  stm32l5xx_hal_gpio.o(.text.HAL_GPIO_WritePin)
    HAL_GetTick                              0x080010b1   Thumb Code    12  stm32l5xx_hal.o(.text.HAL_GetTick)
    HAL_I2CEx_ConfigAnalogFilter             0x080010bd   Thumb Code   140  stm32l5xx_hal_i2c_ex.o(.text.HAL_I2CEx_ConfigAnalogFilter)
    HAL_I2CEx_ConfigDigitalFilter            0x08001149   Thumb Code   150  stm32l5xx_hal_i2c_ex.o(.text.HAL_I2CEx_ConfigDigitalFilter)
    HAL_I2C_Init                             0x080011e1   Thumb Code   252  stm32l5xx_hal_i2c.o(.text.HAL_I2C_Init)
    HAL_I2C_Mem_Read                         0x080012dd   Thumb Code   666  stm32l5xx_hal_i2c.o(.text.HAL_I2C_Mem_Read)
    HAL_I2C_Mem_Write                        0x08001579   Thumb Code   648  stm32l5xx_hal_i2c.o(.text.HAL_I2C_Mem_Write)
    HAL_I2C_MspInit                          0x08001801   Thumb Code   580  i2c.o(.text.HAL_I2C_MspInit)
    HAL_IncTick                              0x08001a45   Thumb Code    26  stm32l5xx_hal.o(.text.HAL_IncTick)
    HAL_Init                                 0x08001a61   Thumb Code    52  stm32l5xx_hal.o(.text.HAL_Init)
    HAL_InitTick                             0x08001a95   Thumb Code   134  stm32l5xx_hal.o(.text.HAL_InitTick)
    HAL_MspInit                              0x08001b1d   Thumb Code    82  stm32l5xx_hal_msp.o(.text.HAL_MspInit)
    HAL_NVIC_EnableIRQ                       0x08001b71   Thumb Code    20  stm32l5xx_hal_cortex.o(.text.HAL_NVIC_EnableIRQ)
    HAL_NVIC_SetPriority                     0x08001b85   Thumb Code    68  stm32l5xx_hal_cortex.o(.text.HAL_NVIC_SetPriority)
    HAL_NVIC_SetPriorityGrouping             0x08001bc9   Thumb Code    20  stm32l5xx_hal_cortex.o(.text.HAL_NVIC_SetPriorityGrouping)
    HAL_PWREx_ControlVoltageScaling          0x08001bdd   Thumb Code   250  stm32l5xx_hal_pwr_ex.o(.text.HAL_PWREx_ControlVoltageScaling)
    HAL_PWREx_DisableUCPDDeadBattery         0x08001cd9   Thumb Code    18  stm32l5xx_hal_pwr_ex.o(.text.HAL_PWREx_DisableUCPDDeadBattery)
    HAL_PWREx_GetVoltageRange                0x08001ced   Thumb Code    16  stm32l5xx_hal_pwr_ex.o(.text.HAL_PWREx_GetVoltageRange)
    HAL_PWREx_SMPS_GetEffectiveMode          0x08001cfd   Thumb Code    68  stm32l5xx_hal_pwr_ex.o(.text.HAL_PWREx_SMPS_GetEffectiveMode)
    HAL_RCCEx_PeriphCLKConfig                0x08001d41   Thumb Code  1930  stm32l5xx_hal_rcc_ex.o(.text.HAL_RCCEx_PeriphCLKConfig)
    HAL_RCC_CSSCallback                      0x080024cd   Thumb Code     2  stm32l5xx_hal_rcc.o(.text.HAL_RCC_CSSCallback)
    HAL_RCC_ClockConfig                      0x080024d1   Thumb Code   742  stm32l5xx_hal_rcc.o(.text.HAL_RCC_ClockConfig)
    HAL_RCC_EnableCSS                        0x080027b9   Thumb Code    18  stm32l5xx_hal_rcc.o(.text.HAL_RCC_EnableCSS)
    HAL_RCC_GetHCLKFreq                      0x080027cd   Thumb Code    42  stm32l5xx_hal_rcc.o(.text.HAL_RCC_GetHCLKFreq)
    HAL_RCC_GetPCLK1Freq                     0x080027f9   Thumb Code    38  stm32l5xx_hal_rcc.o(.text.HAL_RCC_GetPCLK1Freq)
    HAL_RCC_GetPCLK2Freq                     0x08002821   Thumb Code    38  stm32l5xx_hal_rcc.o(.text.HAL_RCC_GetPCLK2Freq)
    HAL_RCC_GetSysClockFreq                  0x08002849   Thumb Code   402  stm32l5xx_hal_rcc.o(.text.HAL_RCC_GetSysClockFreq)
    HAL_RCC_NMI_IRQHandler                   0x080029dd   Thumb Code    44  stm32l5xx_hal_rcc.o(.text.HAL_RCC_NMI_IRQHandler)
    HAL_RCC_OscConfig                        0x08002a09   Thumb Code  2842  stm32l5xx_hal_rcc.o(.text.HAL_RCC_OscConfig)
    HAL_SPI_Init                             0x08003525   Thumb Code   314  stm32l5xx_hal_spi.o(.text.HAL_SPI_Init)
    HAL_SPI_MspInit                          0x08003661   Thumb Code   224  spi.o(.text.HAL_SPI_MspInit)
    HAL_SPI_Receive                          0x08003741   Thumb Code   644  stm32l5xx_hal_spi.o(.text.HAL_SPI_Receive)
    HAL_SPI_Transmit                         0x080039c5   Thumb Code   756  stm32l5xx_hal_spi.o(.text.HAL_SPI_Transmit)
    HAL_SPI_TransmitReceive                  0x08003cb9   Thumb Code  1100  stm32l5xx_hal_spi.o(.text.HAL_SPI_TransmitReceive)
    HAL_SYSTICK_Config                       0x08004105   Thumb Code    20  stm32l5xx_hal_cortex.o(.text.HAL_SYSTICK_Config)
    HAL_TIMEx_Break2Callback                 0x08004119   Thumb Code    12  stm32l5xx_hal_tim_ex.o(.text.HAL_TIMEx_Break2Callback)
    HAL_TIMEx_BreakCallback                  0x08004125   Thumb Code    12  stm32l5xx_hal_tim_ex.o(.text.HAL_TIMEx_BreakCallback)
    HAL_TIMEx_CommutCallback                 0x08004131   Thumb Code    12  stm32l5xx_hal_tim_ex.o(.text.HAL_TIMEx_CommutCallback)
    HAL_TIMEx_MasterConfigSynchronization    0x0800413d   Thumb Code   322  stm32l5xx_hal_tim_ex.o(.text.HAL_TIMEx_MasterConfigSynchronization)
    HAL_TIM_Base_Init                        0x08004281   Thumb Code   146  stm32l5xx_hal_tim.o(.text.HAL_TIM_Base_Init)
    HAL_TIM_Base_MspInit                     0x08004315   Thumb Code   140  tim.o(.text.HAL_TIM_Base_MspInit)
    HAL_TIM_Base_Start_IT                    0x080043a1   Thumb Code   238  stm32l5xx_hal_tim.o(.text.HAL_TIM_Base_Start_IT)
    HAL_TIM_ConfigClockSource                0x08004491   Thumb Code   404  stm32l5xx_hal_tim.o(.text.HAL_TIM_ConfigClockSource)
    HAL_TIM_IC_CaptureCallback               0x08004625   Thumb Code    12  stm32l5xx_hal_tim.o(.text.HAL_TIM_IC_CaptureCallback)
    HAL_TIM_IRQHandler                       0x08004631   Thumb Code   704  stm32l5xx_hal_tim.o(.text.HAL_TIM_IRQHandler)
    HAL_TIM_MspPostInit                      0x080048f1   Thumb Code   108  tim.o(.text.HAL_TIM_MspPostInit)
    HAL_TIM_OC_DelayElapsedCallback          0x0800495d   Thumb Code    12  stm32l5xx_hal_tim.o(.text.HAL_TIM_OC_DelayElapsedCallback)
    HAL_TIM_PWM_ConfigChannel                0x08004969   Thumb Code   440  stm32l5xx_hal_tim.o(.text.HAL_TIM_PWM_ConfigChannel)
    HAL_TIM_PWM_Init                         0x08004b21   Thumb Code   146  stm32l5xx_hal_tim.o(.text.HAL_TIM_PWM_Init)
    HAL_TIM_PWM_MspInit                      0x08004bb5   Thumb Code    12  stm32l5xx_hal_tim.o(.text.HAL_TIM_PWM_MspInit)
    HAL_TIM_PWM_PulseFinishedCallback        0x08004bc1   Thumb Code    12  stm32l5xx_hal_tim.o(.text.HAL_TIM_PWM_PulseFinishedCallback)
    HAL_TIM_PWM_Start                        0x08004bcd   Thumb Code   610  stm32l5xx_hal_tim.o(.text.HAL_TIM_PWM_Start)
    HAL_TIM_PeriodElapsedCallback            0x08004e31   Thumb Code   426  main.o(.text.HAL_TIM_PeriodElapsedCallback)
    HAL_TIM_TriggerCallback                  0x08004fdd   Thumb Code    12  stm32l5xx_hal_tim.o(.text.HAL_TIM_TriggerCallback)
    HAL_UARTEx_DisableFifoMode               0x08004fe9   Thumb Code   122  stm32l5xx_hal_uart_ex.o(.text.HAL_UARTEx_DisableFifoMode)
    HAL_UARTEx_RxEventCallback               0x08005065   Thumb Code    20  stm32l5xx_hal_uart.o(.text.HAL_UARTEx_RxEventCallback)
    HAL_UARTEx_RxFifoFullCallback            0x08005079   Thumb Code    12  stm32l5xx_hal_uart_ex.o(.text.HAL_UARTEx_RxFifoFullCallback)
    HAL_UARTEx_SetRxFifoThreshold            0x08005085   Thumb Code   142  stm32l5xx_hal_uart_ex.o(.text.HAL_UARTEx_SetRxFifoThreshold)
    HAL_UARTEx_SetTxFifoThreshold            0x08005115   Thumb Code   142  stm32l5xx_hal_uart_ex.o(.text.HAL_UARTEx_SetTxFifoThreshold)
    HAL_UARTEx_TxFifoEmptyCallback           0x080051a5   Thumb Code    12  stm32l5xx_hal_uart_ex.o(.text.HAL_UARTEx_TxFifoEmptyCallback)
    HAL_UARTEx_WakeupCallback                0x080051b1   Thumb Code    12  stm32l5xx_hal_uart_ex.o(.text.HAL_UARTEx_WakeupCallback)
    HAL_UART_ErrorCallback                   0x080051bd   Thumb Code    12  stm32l5xx_hal_uart.o(.text.HAL_UART_ErrorCallback)
    HAL_UART_IRQHandler                      0x080051c9   Thumb Code  1168  stm32l5xx_hal_uart.o(.text.HAL_UART_IRQHandler)
    HAL_UART_Init                            0x08005659   Thumb Code   174  stm32l5xx_hal_uart.o(.text.HAL_UART_Init)
    HAL_UART_MspInit                         0x08005709   Thumb Code   674  usart.o(.text.HAL_UART_MspInit)
    HAL_UART_Receive_IT                      0x080059ad   Thumb Code   130  stm32l5xx_hal_uart.o(.text.HAL_UART_Receive_IT)
    HAL_UART_RxCpltCallback                  0x08005a31   Thumb Code   116  main.o(.text.HAL_UART_RxCpltCallback)
    HAL_UART_Transmit                        0x08005aa5   Thumb Code   362  stm32l5xx_hal_uart.o(.text.HAL_UART_Transmit)
    HAL_UART_TxCpltCallback                  0x08005c11   Thumb Code    12  stm32l5xx_hal_uart.o(.text.HAL_UART_TxCpltCallback)
    HardFault_Handler                        0x08005c1d   Thumb Code     4  stm32l5xx_it.o(.text.HardFault_Handler)
    IsQueEmpty                               0x08006151   Thumb Code    26  queue.o(.text.IsQueEmpty)
    IsQueFull                                0x0800616d   Thumb Code    56  queue.o(.text.IsQueFull)
    LSM6DSO_ACC_GYRO_GetRawAccData           0x080061a5   Thumb Code   156  lsm6dso.o(.text.LSM6DSO_ACC_GYRO_GetRawAccData)
    LSM6DSO_ACC_GYRO_GetRawGyroData          0x08006241   Thumb Code   156  lsm6dso.o(.text.LSM6DSO_ACC_GYRO_GetRawGyroData)
    LSM6DSO_ACC_GYRO_Get_GetFIFOData         0x080062dd   Thumb Code   156  lsm6dso.o(.text.LSM6DSO_ACC_GYRO_Get_GetFIFOData)
    LSM6DSO_ACC_GYRO_R_FS_125                0x08006379   Thumb Code    78  lsm6dso.o(.text.LSM6DSO_ACC_GYRO_R_FS_125)
    LSM6DSO_ACC_GYRO_R_FS_G                  0x080063c9   Thumb Code    78  lsm6dso.o(.text.LSM6DSO_ACC_GYRO_R_FS_G)
    LSM6DSO_ACC_GYRO_R_FS_XL                 0x08006419   Thumb Code    78  lsm6dso.o(.text.LSM6DSO_ACC_GYRO_R_FS_XL)
    LSM6DSO_ACC_GYRO_R_GDA                   0x08006469   Thumb Code    78  lsm6dso.o(.text.LSM6DSO_ACC_GYRO_R_GDA)
    LSM6DSO_ACC_GYRO_R_WHO_AM_I              0x080064b9   Thumb Code    68  lsm6dso.o(.text.LSM6DSO_ACC_GYRO_R_WHO_AM_I)
    LSM6DSO_ACC_GYRO_R_XLDA                  0x080064fd   Thumb Code    78  lsm6dso.o(.text.LSM6DSO_ACC_GYRO_R_XLDA)
    LSM6DSO_ACC_GYRO_ReadReg                 0x0800654d   Thumb Code    86  lsm6dso.o(.text.LSM6DSO_ACC_GYRO_ReadReg)
    LSM6DSO_ACC_GYRO_W_BDU                   0x080065a5   Thumb Code   110  lsm6dso.o(.text.LSM6DSO_ACC_GYRO_W_BDU)
    LSM6DSO_ACC_GYRO_W_FS_G                  0x08006615   Thumb Code   110  lsm6dso.o(.text.LSM6DSO_ACC_GYRO_W_FS_G)
    LSM6DSO_ACC_GYRO_W_FS_XL                 0x08006685   Thumb Code   110  lsm6dso.o(.text.LSM6DSO_ACC_GYRO_W_FS_XL)
    LSM6DSO_ACC_GYRO_W_ODR_G                 0x080066f5   Thumb Code   110  lsm6dso.o(.text.LSM6DSO_ACC_GYRO_W_ODR_G)
    LSM6DSO_ACC_GYRO_W_ODR_XL                0x08006765   Thumb Code   110  lsm6dso.o(.text.LSM6DSO_ACC_GYRO_W_ODR_XL)
    LSM6DSO_ACC_GYRO_W_SW_RESET              0x080067d5   Thumb Code   110  lsm6dso.o(.text.LSM6DSO_ACC_GYRO_W_SW_RESET)
    LSM6DSO_ACC_GYRO_WriteReg                0x08006845   Thumb Code    86  lsm6dso.o(.text.LSM6DSO_ACC_GYRO_WriteReg)
    LSM6DSO_ACC_Get_Acceleration             0x0800689d   Thumb Code   366  lsm6dso.o(.text.LSM6DSO_ACC_Get_Acceleration)
    LSM6DSO_ACC_Get_AngularRate              0x08006a0d   Thumb Code   404  lsm6dso.o(.text.LSM6DSO_ACC_Get_AngularRate)
    LSM6DSO_Init                             0x08006ba1   Thumb Code   152  lsm6dso.o(.text.LSM6DSO_Init)
    LeaveQue                                 0x08006c39   Thumb Code    86  queue.o(.text.LeaveQue)
    Loop_Sample_Aquisition                   0x08006c91   Thumb Code   136  lsm6dso.o(.text.Loop_Sample_Aquisition)
    MODEM_PWRKEY                             0x08006d19   Thumb Code    54  es600s.o(.text.MODEM_PWRKEY)
    MODEM_PWRON                              0x08006d51   Thumb Code    30  es600s.o(.text.MODEM_PWRON)
    MODEM_RST                                0x08006d71   Thumb Code    50  es600s.o(.text.MODEM_RST)
    MX_GPIO_Init                             0x08006da5   Thumb Code   500  gpio.o(.text.MX_GPIO_Init)
    MX_I2C1_Init                             0x08006f99   Thumb Code   118  i2c.o(.text.MX_I2C1_Init)
    MX_I2C3_Init                             0x08007011   Thumb Code   118  i2c.o(.text.MX_I2C3_Init)
    MX_I2C4_Init                             0x08007089   Thumb Code   118  i2c.o(.text.MX_I2C4_Init)
    MX_SPI3_Init                             0x08007101   Thumb Code    84  spi.o(.text.MX_SPI3_Init)
    MX_TIM3_Init                             0x08007155   Thumb Code   240  tim.o(.text.MX_TIM3_Init)
    MX_TIM6_Init                             0x08007245   Thumb Code   100  tim.o(.text.MX_TIM6_Init)
    MX_UART4_Init                            0x080072a9   Thumb Code   142  usart.o(.text.MX_UART4_Init)
    MX_USART2_UART_Init                      0x08007339   Thumb Code   142  usart.o(.text.MX_USART2_UART_Init)
    MX_USART3_UART_Init                      0x080073c9   Thumb Code   146  usart.o(.text.MX_USART3_UART_Init)
    MemManage_Handler                        0x0800745d   Thumb Code     4  stm32l5xx_it.o(.text.MemManage_Handler)
    NMI_Handler                              0x08007461   Thumb Code    10  stm32l5xx_it.o(.text.NMI_Handler)
    PendSV_Handler                           0x080074ed   Thumb Code     2  stm32l5xx_it.o(.text.PendSV_Handler)
    PopATcmd                                 0x080074f1   Thumb Code    36  protocol.o(.text.PopATcmd)
    SVC_Handler                              0x08007ef1   Thumb Code     2  stm32l5xx_it.o(.text.SVC_Handler)
    Send_AT_Command                          0x08007ef5   Thumb Code   260  es600s.o(.text.Send_AT_Command)
    Send_AT_Command_Timeout                  0x08007ff9   Thumb Code    80  es600s.o(.text.Send_AT_Command_Timeout)
    SysTick_Handler                          0x080080a5   Thumb Code     8  stm32l5xx_it.o(.text.SysTick_Handler)
    SystemClock_Config                       0x080080ad   Thumb Code   146  main.o(.text.SystemClock_Config)
    SystemCoreClockUpdate                    0x08008141   Thumb Code   382  system_stm32l5xx.o(.text.SystemCoreClockUpdate)
    SystemInit                               0x080082c1   Thumb Code    18  system_stm32l5xx.o(.text.SystemInit)
    TIM6_IRQHandler                          0x080082d5   Thumb Code    16  stm32l5xx_it.o(.text.TIM6_IRQHandler)
    TIM_Base_SetConfig                       0x080082e5   Thumb Code   424  stm32l5xx_hal_tim.o(.text.TIM_Base_SetConfig)
    TIM_CCxChannelCmd                        0x0800848d   Thumb Code    74  stm32l5xx_hal_tim.o(.text.TIM_CCxChannelCmd)
    TIM_ETR_SetConfig                        0x080084d9   Thumb Code    74  stm32l5xx_hal_tim.o(.text.TIM_ETR_SetConfig)
    TIM_OC2_SetConfig                        0x080086b9   Thumb Code   382  stm32l5xx_hal_tim.o(.text.TIM_OC2_SetConfig)
    UART4_IRQHandler                         0x08008d19   Thumb Code    16  stm32l5xx_it.o(.text.UART4_IRQHandler)
    UART_AdvFeatureConfig                    0x08008dd1   Thumb Code   318  stm32l5xx_hal_uart.o(.text.UART_AdvFeatureConfig)
    UART_CheckIdleState                      0x08008f11   Thumb Code   168  stm32l5xx_hal_uart.o(.text.UART_CheckIdleState)
    UART_SetConfig                           0x0800964d   Thumb Code  1474  stm32l5xx_hal_uart.o(.text.UART_SetConfig)
    UART_Start_Receive_IT                    0x08009c11   Thumb Code   436  stm32l5xx_hal_uart.o(.text.UART_Start_Receive_IT)
    UART_WaitOnFlagUntilTimeout              0x08009dc5   Thumb Code   286  stm32l5xx_hal_uart.o(.text.UART_WaitOnFlagUntilTimeout)
    USART2_IRQHandler                        0x08009ee5   Thumb Code    16  stm32l5xx_it.o(.text.USART2_IRQHandler)
    USART3_IRQHandler                        0x08009ef5   Thumb Code    16  stm32l5xx_it.o(.text.USART3_IRQHandler)
    UsageFault_Handler                       0x08009f05   Thumb Code     4  stm32l5xx_it.o(.text.UsageFault_Handler)
    at_parse_recv                            0x08009fcd   Thumb Code   132  es600s.o(.text.at_parse_recv)
    at_process                               0x0800a051   Thumb Code   240  es600s.o(.text.at_process)
    cmpdata                                  0x0800a141   Thumb Code    90  es600s.o(.text.cmpdata)
    get_uart_data                            0x0800a19d   Thumb Code   124  es600s.o(.text.get_uart_data)
    get_work_state                           0x0800a219   Thumb Code    42  es600s.o(.text.get_work_state)
    init_LSM6DSO_ACC                         0x0800a245   Thumb Code   122  lsm6dso.o(.text.init_LSM6DSO_ACC)
    init_LSM6DSO_GYRO                        0x0800a2c1   Thumb Code    96  lsm6dso.o(.text.init_LSM6DSO_GYRO)
    main                                     0x0800a321   Thumb Code   254  main.o(.text.main)
    module_init                              0x0800a421   Thumb Code   102  es600s.o(.text.module_init)
    parse_another_cmd                        0x0800a489   Thumb Code   390  es600s.o(.text.parse_another_cmd)
    parse_cops_cmd                           0x0800a611   Thumb Code   136  es600s.o(.text.parse_cops_cmd)
    parse_creg_cmd                           0x0800a699   Thumb Code   206  es600s.o(.text.parse_creg_cmd)
    parse_csq_cmd                            0x0800a769   Thumb Code   114  es600s.o(.text.parse_csq_cmd)
    parse_http_pkg                           0x0800a7dd   Thumb Code    22  protocol.o(.text.parse_http_pkg)
    parse_imei_cmd                           0x0800a7f5   Thumb Code   104  es600s.o(.text.parse_imei_cmd)
    parse_imsi_cmd                           0x0800a85d   Thumb Code   102  es600s.o(.text.parse_imsi_cmd)
    parse_package_type                       0x0800a8c5   Thumb Code   334  es600s.o(.text.parse_package_type)
    parse_qccid_cmd                          0x0800aa15   Thumb Code   106  es600s.o(.text.parse_qccid_cmd)
    push_interval_package_process            0x0800aa81   Thumb Code   386  protocol.o(.text.push_interval_package_process)
    spl0607_get_calib_param                  0x0800ac05   Thumb Code   654  spl06.o(.text.spl0607_get_calib_param)
    spl0607_init                             0x0800ae95   Thumb Code    92  spl06.o(.text.spl0607_init)
    spl0607_rateset                          0x0800aef1   Thumb Code   604  spl06.o(.text.spl0607_rateset)
    spl0607_read                             0x0800b14d   Thumb Code    90  spl06.o(.text.spl0607_read)
    spl0607_start_continuous                 0x0800b1a9   Thumb Code    34  spl06.o(.text.spl0607_start_continuous)
    spl0607_write                            0x0800b1cd   Thumb Code    78  spl06.o(.text.spl0607_write)
    split_diff_type                          0x0800b21d   Thumb Code   512  es600s.o(.text.split_diff_type)
    __aeabi_errno_addr                       0x0800b41d   Thumb Code     4  errno.o(i.__aeabi_errno_addr)
    __rt_errno_addr                          0x0800b41d   Thumb Code     0  errno.o(i.__aeabi_errno_addr)
    __scatterload_copy                       0x0800b425   Thumb Code    14  handlers.o(i.__scatterload_copy)
    __scatterload_null                       0x0800b433   Thumb Code     2  handlers.o(i.__scatterload_null)
    __scatterload_zeroinit                   0x0800b435   Thumb Code    14  handlers.o(i.__scatterload_zeroinit)
    __ctype_table                            0x0800b442   Data         129  ctype_o.o(.constdata)
    AHBPrescTable                            0x0800b4c8   Data          16  system_stm32l5xx.o(.rodata.AHBPrescTable)
    APBPrescTable                            0x0800b4d8   Data           8  system_stm32l5xx.o(.rodata.APBPrescTable)
    MSIRangeTable                            0x0800b528   Data          64  system_stm32l5xx.o(.rodata.MSIRangeTable)
    UARTPrescTable                           0x0800b568   Data          24  stm32l5xx_hal_uart.o(.rodata.UARTPrescTable)
    Region$$Table$$Base                      0x0800b5e8   Number         0  anon$$obj.o(Region$$Table)
    Region$$Table$$Limit                     0x0800b608   Number         0  anon$$obj.o(Region$$Table)
    SystemCoreClock                          0x20000004   Data           4  system_stm32l5xx.o(.data.SystemCoreClock)
    at_pack                                  0x20000008   Data        1600  es600s.o(.data.at_pack)
    uwTickFreq                               0x20000670   Data           4  stm32l5xx_hal.o(.data.uwTickFreq)
    uwTickPrio                               0x20000674   Data           4  stm32l5xx_hal.o(.data.uwTickPrio)
    Acceleration_mG                          0x20000678   Data          12  lsm6dso.o(.bss.Acceleration_mG)
    AngularRate_mdps                         0x20000684   Data          12  lsm6dso.o(.bss.AngularRate_mdps)
    ID                                       0x20000690   Data           2  main.o(.bss.ID)
    Modem_Dev                                0x20000694   Data         128  es600s.o(.bss.Modem_Dev)
    another_buf                              0x20000714   Data         255  es600s.o(.bss.another_buf)
    at_send_Queue                            0x20000814   Data          88  queue.o(.bss.at_send_Queue)
    connect_times                            0x2000086c   Data           2  es600s.o(.bss.connect_times)
    dir                                      0x2000086e   Data           2  main.o(.bss.dir)
    flag_delay1s                             0x20000870   Data           1  main.o(.bss.flag_delay1s)
    flag_delay200ms                          0x20000871   Data           1  main.o(.bss.flag_delay200ms)
    flag_delay3s                             0x20000872   Data           1  main.o(.bss.flag_delay3s)
    flag_delay500ms                          0x20000873   Data           1  main.o(.bss.flag_delay500ms)
    g_Info                                   0x20000874   Data          36  main.o(.bss.g_Info)
    hi2c1                                    0x20000898   Data          84  i2c.o(.bss.hi2c1)
    hi2c3                                    0x200008ec   Data          84  i2c.o(.bss.hi2c3)
    hi2c4                                    0x20000940   Data          84  i2c.o(.bss.hi2c4)
    hspi3                                    0x20000994   Data         104  spi.o(.bss.hspi3)
    htim3                                    0x200009fc   Data         112  tim.o(.bss.htim3)
    htim6                                    0x20000a6c   Data         112  tim.o(.bss.htim6)
    http_buf                                 0x20000adc   Data         255  es600s.o(.bss.http_buf)
    huart2                                   0x20000bdc   Data         144  usart.o(.bss.huart2)
    huart3                                   0x20000c6c   Data         144  usart.o(.bss.huart3)
    huart4                                   0x20000cfc   Data         144  usart.o(.bss.huart4)
    i                                        0x20000d8c   Data           4  main.o(.bss.i)
    module_recv_buffer                       0x20000d90   Data         255  bsp_uart.o(.bss.module_recv_buffer)
    module_recv_write_index                  0x20000e90   Data           2  bsp_uart.o(.bss.module_recv_write_index)
    pwmVal                                   0x20000e9a   Data           2  main.o(.bss.pwmVal)
    rData                                    0x20000e9c   Data         256  main.o(.bss.rData)
    recv_read_end_index                      0x20000f9c   Data           2  es600s.o(.bss.recv_read_end_index)
    recv_read_start_index                    0x20000f9e   Data           2  es600s.o(.bss.recv_read_start_index)
    tim6_cnt                                 0x20000fcc   Data           4  main.o(.bss.tim6_cnt)
    usart3_recbuf                            0x20000fd0   Data           1  usart.o(.bss.usart3_recbuf)
    uwTick                                   0x20000fd4   Data           4  stm32l5xx_hal.o(.bss.uwTick)
    value_G                                  0x20000fd8   Data           4  lsm6dso.o(.bss.value_G)
    value_XL                                 0x20000fdc   Data           4  lsm6dso.o(.bss.value_XL)
    wData                                    0x20000fe0   Data         256  main.o(.bss.wData)
    who_am_i                                 0x200010e0   Data           1  lsm6dso.o(.bss.who_am_i)
    __initial_sp                             0x200014e8   Data           0  startup_stm32l552xx.o(STACK)



==============================================================================

Memory Map of the image

  Image Entry point : 0x080001f5

  Load Region LR_IROM1 (Base: 0x08000000, Size: 0x0000bc80, Max: 0x00040000, ABSOLUTE, COMPRESSED[0x0000b6b0])

    Execution Region ER_IROM1 (Exec base: 0x08000000, Load base: 0x08000000, Size: 0x0000b608, Max: 0x00040000, ABSOLUTE)

    Exec Addr    Load Addr    Size         Type   Attr      Idx    E Section Name        Object

    0x08000000   0x08000000   0x000001f4   Data   RO            3    RESET               startup_stm32l552xx.o
    0x080001f4   0x080001f4   0x00000000   Code   RO         2227  * .ARM.Collect$$$$00000000  mc_w.l(entry.o)
    0x080001f4   0x080001f4   0x00000004   Code   RO         2371    .ARM.Collect$$$$00000001  mc_w.l(entry2.o)
    0x080001f8   0x080001f8   0x00000004   Code   RO         2374    .ARM.Collect$$$$00000004  mc_w.l(entry5.o)
    0x080001fc   0x080001fc   0x00000000   Code   RO         2376    .ARM.Collect$$$$00000008  mc_w.l(entry7b.o)
    0x080001fc   0x080001fc   0x00000000   Code   RO         2378    .ARM.Collect$$$$0000000A  mc_w.l(entry8b.o)
    0x080001fc   0x080001fc   0x00000008   Code   RO         2379    .ARM.Collect$$$$0000000B  mc_w.l(entry9a.o)
    0x08000204   0x08000204   0x00000000   Code   RO         2381    .ARM.Collect$$$$0000000D  mc_w.l(entry10a.o)
    0x08000204   0x08000204   0x00000000   Code   RO         2383    .ARM.Collect$$$$0000000F  mc_w.l(entry11a.o)
    0x08000204   0x08000204   0x00000004   Code   RO         2372    .ARM.Collect$$$$00002712  mc_w.l(entry2.o)
    0x08000208   0x08000208   0x00000028   Code   RO            4    .text               startup_stm32l552xx.o
    0x08000230   0x08000230   0x00000062   Code   RO         2230    .text               mc_w.l(uldiv.o)
    0x08000292   0x08000292   0x00000062   Code   RO         2232    .text               mc_w.l(ldiv.o)
    0x080002f4   0x080002f4   0x00000024   Code   RO         2236    .text               mc_w.l(memcpya.o)
    0x08000318   0x08000318   0x00000024   Code   RO         2238    .text               mc_w.l(memseta.o)
    0x0800033c   0x0800033c   0x00000024   Code   RO         2240    .text               mc_w.l(strstr.o)
    0x08000360   0x08000360   0x0000000e   Code   RO         2246    .text               mc_w.l(strlen.o)
    0x0800036e   0x0800036e   0x0000001a   Code   RO         2310    .text               mc_w.l(atoi.o)
    0x08000388   0x08000388   0x0000001e   Code   RO         2392    .text               mc_w.l(llshl.o)
    0x080003a6   0x080003a6   0x00000020   Code   RO         2394    .text               mc_w.l(llushr.o)
    0x080003c6   0x080003c6   0x00000070   Code   RO         2409    .text               mc_w.l(strtol.o)
    0x08000436   0x08000436   0x00000002   PAD
    0x08000438   0x08000438   0x00000024   Code   RO         2426    .text               mc_w.l(init.o)
    0x0800045c   0x0800045c   0x00000008   Code   RO         2431    .text               mc_w.l(ctype_o.o)
    0x08000464   0x08000464   0x0000009e   Code   RO         2465    .text               mc_w.l(_strtoul.o)
    0x08000502   0x08000502   0x0000001c   Code   RO         2475    .text               mc_w.l(_chval.o)
    0x0800051e   0x0800051e   0x00000056   Code   RO         2487    .text               mc_w.l(__dczerorl2.o)
    0x08000574   0x08000574   0x00000080   Code   RO         1875    .text.BSP_W25Qx_GetStatus  w25qxx.o
    0x080005f4   0x080005f4   0x0000000c   Code   RO         1871    .text.BSP_W25Qx_Init  w25qxx.o
    0x08000600   0x08000600   0x0000009a   Code   RO         1881    .text.BSP_W25Qx_Read  w25qxx.o
    0x0800069a   0x0800069a   0x00000002   PAD
    0x0800069c   0x0800069c   0x0000005e   Code   RO         1879    .text.BSP_W25Qx_Read_ID  w25qxx.o
    0x080006fa   0x080006fa   0x00000002   PAD
    0x080006fc   0x080006fc   0x00000046   Code   RO         1873    .text.BSP_W25Qx_Reset  w25qxx.o
    0x08000742   0x08000742   0x00000002   PAD
    0x08000744   0x08000744   0x0000015e   Code   RO         1883    .text.BSP_W25Qx_Write  w25qxx.o
    0x080008a2   0x080008a2   0x00000002   PAD
    0x080008a4   0x080008a4   0x00000088   Code   RO         1877    .text.BSP_W25Qx_WriteEnable  w25qxx.o
    0x0800092c   0x0800092c   0x00000004   Code   RO          149    .text.BusFault_Handler  stm32l5xx_it.o
    0x08000930   0x08000930   0x00000002   Code   RO          155    .text.DebugMon_Handler  stm32l5xx_it.o
    0x08000932   0x08000932   0x00000002   PAD
    0x08000934   0x08000934   0x0000000a   Code   RO          161    .text.EXTI2_IRQHandler  stm32l5xx_it.o
    0x0800093e   0x0800093e   0x00000002   PAD
    0x08000940   0x08000940   0x0000000a   Code   RO          163    .text.EXTI5_IRQHandler  stm32l5xx_it.o
    0x0800094a   0x0800094a   0x00000002   PAD
    0x0800094c   0x0800094c   0x0000000c   Code   RO          165    .text.EXTI8_IRQHandler  stm32l5xx_it.o
    0x08000958   0x08000958   0x00000050   Code   RO         2021    .text.EnterQue      queue.o
    0x080009a8   0x080009a8   0x0000000e   Code   RO           15    .text.Error_Handler  main.o
    0x080009b6   0x080009b6   0x00000002   PAD
    0x080009b8   0x080009b8   0x00000062   Code   RO         1958    .text.GetATIndex    es600s.o
    0x08000a1a   0x08000a1a   0x00000002   PAD
    0x08000a1c   0x08000a1c   0x0000006c   Code   RO         1954    .text.GetComma      es600s.o
    0x08000a88   0x08000a88   0x0000003a   Code   RO         1903    .text.GsmSendData   bsp_uart.o
    0x08000ac2   0x08000ac2   0x00000002   PAD
    0x08000ac4   0x08000ac4   0x000000a6   Code   RO          706    .text.HAL_DMA_Abort  stm32l5xx_hal_dma.o
    0x08000b6a   0x08000b6a   0x00000002   PAD
    0x08000b6c   0x08000b6c   0x000000ac   Code   RO          708    .text.HAL_DMA_Abort_IT  stm32l5xx_hal_dma.o
    0x08000c18   0x08000c18   0x0000004e   Code   RO          398    .text.HAL_Delay     stm32l5xx_hal.o
    0x08000c66   0x08000c66   0x00000002   PAD
    0x08000c68   0x08000c68   0x0000000e   Code   RO          682    .text.HAL_GPIO_EXTI_Falling_Callback  stm32l5xx_hal_gpio.o
    0x08000c76   0x08000c76   0x00000002   PAD
    0x08000c78   0x08000c78   0x00000068   Code   RO          678    .text.HAL_GPIO_EXTI_IRQHandler  stm32l5xx_hal_gpio.o
    0x08000ce0   0x08000ce0   0x0000000e   Code   RO          680    .text.HAL_GPIO_EXTI_Rising_Callback  stm32l5xx_hal_gpio.o
    0x08000cee   0x08000cee   0x00000002   PAD
    0x08000cf0   0x08000cf0   0x00000384   Code   RO          666    .text.HAL_GPIO_Init  stm32l5xx_hal_gpio.o
    0x08001074   0x08001074   0x0000003c   Code   RO          672    .text.HAL_GPIO_WritePin  stm32l5xx_hal_gpio.o
    0x080010b0   0x080010b0   0x0000000c   Code   RO          390    .text.HAL_GetTick   stm32l5xx_hal.o
    0x080010bc   0x080010bc   0x0000008c   Code   RO          358    .text.HAL_I2CEx_ConfigAnalogFilter  stm32l5xx_hal_i2c_ex.o
    0x08001148   0x08001148   0x00000096   Code   RO          360    .text.HAL_I2CEx_ConfigDigitalFilter  stm32l5xx_hal_i2c_ex.o
    0x080011de   0x080011de   0x00000002   PAD
    0x080011e0   0x080011e0   0x000000fc   Code   RO          192    .text.HAL_I2C_Init  stm32l5xx_hal_i2c.o
    0x080012dc   0x080012dc   0x0000029a   Code   RO          258    .text.HAL_I2C_Mem_Read  stm32l5xx_hal_i2c.o
    0x08001576   0x08001576   0x00000002   PAD
    0x08001578   0x08001578   0x00000288   Code   RO          254    .text.HAL_I2C_Mem_Write  stm32l5xx_hal_i2c.o
    0x08001800   0x08001800   0x00000244   Code   RO           56    .text.HAL_I2C_MspInit  i2c.o
    0x08001a44   0x08001a44   0x0000001a   Code   RO          388    .text.HAL_IncTick   stm32l5xx_hal.o
    0x08001a5e   0x08001a5e   0x00000002   PAD
    0x08001a60   0x08001a60   0x00000034   Code   RO          378    .text.HAL_Init      stm32l5xx_hal.o
    0x08001a94   0x08001a94   0x00000086   Code   RO          380    .text.HAL_InitTick  stm32l5xx_hal.o
    0x08001b1a   0x08001b1a   0x00000002   PAD
    0x08001b1c   0x08001b1c   0x00000052   Code   RO          183    .text.HAL_MspInit   stm32l5xx_hal_msp.o
    0x08001b6e   0x08001b6e   0x00000002   PAD
    0x08001b70   0x08001b70   0x00000014   Code   RO          958    .text.HAL_NVIC_EnableIRQ  stm32l5xx_hal_cortex.o
    0x08001b84   0x08001b84   0x00000044   Code   RO          950    .text.HAL_NVIC_SetPriority  stm32l5xx_hal_cortex.o
    0x08001bc8   0x08001bc8   0x00000014   Code   RO          946    .text.HAL_NVIC_SetPriorityGrouping  stm32l5xx_hal_cortex.o
    0x08001bdc   0x08001bdc   0x000000fa   Code   RO          836    .text.HAL_PWREx_ControlVoltageScaling  stm32l5xx_hal_pwr_ex.o
    0x08001cd6   0x08001cd6   0x00000002   PAD
    0x08001cd8   0x08001cd8   0x00000012   Code   RO          916    .text.HAL_PWREx_DisableUCPDDeadBattery  stm32l5xx_hal_pwr_ex.o
    0x08001cea   0x08001cea   0x00000002   PAD
    0x08001cec   0x08001cec   0x00000010   Code   RO          834    .text.HAL_PWREx_GetVoltageRange  stm32l5xx_hal_pwr_ex.o
    0x08001cfc   0x08001cfc   0x00000044   Code   RO          838    .text.HAL_PWREx_SMPS_GetEffectiveMode  stm32l5xx_hal_pwr_ex.o
    0x08001d40   0x08001d40   0x0000078a   Code   RO          501    .text.HAL_RCCEx_PeriphCLKConfig  stm32l5xx_hal_rcc_ex.o
    0x080024ca   0x080024ca   0x00000002   PAD
    0x080024cc   0x080024cc   0x00000002   Code   RO          487    .text.HAL_RCC_CSSCallback  stm32l5xx_hal_rcc.o
    0x080024ce   0x080024ce   0x00000002   PAD
    0x080024d0   0x080024d0   0x000002e6   Code   RO          467    .text.HAL_RCC_ClockConfig  stm32l5xx_hal_rcc.o
    0x080027b6   0x080027b6   0x00000002   PAD
    0x080027b8   0x080027b8   0x00000012   Code   RO          483    .text.HAL_RCC_EnableCSS  stm32l5xx_hal_rcc.o
    0x080027ca   0x080027ca   0x00000002   PAD
    0x080027cc   0x080027cc   0x0000002a   Code   RO          465    .text.HAL_RCC_GetHCLKFreq  stm32l5xx_hal_rcc.o
    0x080027f6   0x080027f6   0x00000002   PAD
    0x080027f8   0x080027f8   0x00000026   Code   RO          475    .text.HAL_RCC_GetPCLK1Freq  stm32l5xx_hal_rcc.o
    0x0800281e   0x0800281e   0x00000002   PAD
    0x08002820   0x08002820   0x00000026   Code   RO          477    .text.HAL_RCC_GetPCLK2Freq  stm32l5xx_hal_rcc.o
    0x08002846   0x08002846   0x00000002   PAD
    0x08002848   0x08002848   0x00000192   Code   RO          471    .text.HAL_RCC_GetSysClockFreq  stm32l5xx_hal_rcc.o
    0x080029da   0x080029da   0x00000002   PAD
    0x080029dc   0x080029dc   0x0000002c   Code   RO          485    .text.HAL_RCC_NMI_IRQHandler  stm32l5xx_hal_rcc.o
    0x08002a08   0x08002a08   0x00000b1a   Code   RO          461    .text.HAL_RCC_OscConfig  stm32l5xx_hal_rcc.o
    0x08003522   0x08003522   0x00000002   PAD
    0x08003524   0x08003524   0x0000013a   Code   RO         1067    .text.HAL_SPI_Init  stm32l5xx_hal_spi.o
    0x0800365e   0x0800365e   0x00000002   PAD
    0x08003660   0x08003660   0x000000e0   Code   RO           83    .text.HAL_SPI_MspInit  spi.o
    0x08003740   0x08003740   0x00000284   Code   RO         1079    .text.HAL_SPI_Receive  stm32l5xx_hal_spi.o
    0x080039c4   0x080039c4   0x000002f4   Code   RO         1075    .text.HAL_SPI_Transmit  stm32l5xx_hal_spi.o
    0x08003cb8   0x08003cb8   0x0000044c   Code   RO         1081    .text.HAL_SPI_TransmitReceive  stm32l5xx_hal_spi.o
    0x08004104   0x08004104   0x00000014   Code   RO          970    .text.HAL_SYSTICK_Config  stm32l5xx_hal_cortex.o
    0x08004118   0x08004118   0x0000000c   Code   RO         1534    .text.HAL_TIMEx_Break2Callback  stm32l5xx_hal_tim_ex.o
    0x08004124   0x08004124   0x0000000c   Code   RO         1532    .text.HAL_TIMEx_BreakCallback  stm32l5xx_hal_tim_ex.o
    0x08004130   0x08004130   0x0000000c   Code   RO         1528    .text.HAL_TIMEx_CommutCallback  stm32l5xx_hal_tim_ex.o
    0x0800413c   0x0800413c   0x00000142   Code   RO         1514    .text.HAL_TIMEx_MasterConfigSynchronization  stm32l5xx_hal_tim_ex.o
    0x0800427e   0x0800427e   0x00000002   PAD
    0x08004280   0x08004280   0x00000092   Code   RO         1196    .text.HAL_TIM_Base_Init  stm32l5xx_hal_tim.o
    0x08004312   0x08004312   0x00000002   PAD
    0x08004314   0x08004314   0x0000008c   Code   RO          102    .text.HAL_TIM_Base_MspInit  tim.o
    0x080043a0   0x080043a0   0x000000ee   Code   RO         1210    .text.HAL_TIM_Base_Start_IT  stm32l5xx_hal_tim.o
    0x0800448e   0x0800448e   0x00000002   PAD
    0x08004490   0x08004490   0x00000194   Code   RO         1392    .text.HAL_TIM_ConfigClockSource  stm32l5xx_hal_tim.o
    0x08004624   0x08004624   0x0000000c   Code   RO         1332    .text.HAL_TIM_IC_CaptureCallback  stm32l5xx_hal_tim.o
    0x08004630   0x08004630   0x000002c0   Code   RO         1330    .text.HAL_TIM_IRQHandler  stm32l5xx_hal_tim.o
    0x080048f0   0x080048f0   0x0000006c   Code   RO           98    .text.HAL_TIM_MspPostInit  tim.o
    0x0800495c   0x0800495c   0x0000000c   Code   RO         1334    .text.HAL_TIM_OC_DelayElapsedCallback  stm32l5xx_hal_tim.o
    0x08004968   0x08004968   0x000001b8   Code   RO         1366    .text.HAL_TIM_PWM_ConfigChannel  stm32l5xx_hal_tim.o
    0x08004b20   0x08004b20   0x00000092   Code   RO         1250    .text.HAL_TIM_PWM_Init  stm32l5xx_hal_tim.o
    0x08004bb2   0x08004bb2   0x00000002   PAD
    0x08004bb4   0x08004bb4   0x0000000c   Code   RO         1252    .text.HAL_TIM_PWM_MspInit  stm32l5xx_hal_tim.o
    0x08004bc0   0x08004bc0   0x0000000c   Code   RO         1336    .text.HAL_TIM_PWM_PulseFinishedCallback  stm32l5xx_hal_tim.o
    0x08004bcc   0x08004bcc   0x00000262   Code   RO         1258    .text.HAL_TIM_PWM_Start  stm32l5xx_hal_tim.o
    0x08004e2e   0x08004e2e   0x00000002   PAD
    0x08004e30   0x08004e30   0x000001aa   Code   RO           17    .text.HAL_TIM_PeriodElapsedCallback  main.o
    0x08004fda   0x08004fda   0x00000002   PAD
    0x08004fdc   0x08004fdc   0x0000000c   Code   RO         1340    .text.HAL_TIM_TriggerCallback  stm32l5xx_hal_tim.o
    0x08004fe8   0x08004fe8   0x0000007a   Code   RO         1719    .text.HAL_UARTEx_DisableFifoMode  stm32l5xx_hal_uart_ex.o
    0x08005062   0x08005062   0x00000002   PAD
    0x08005064   0x08005064   0x00000014   Code   RO         1642    .text.HAL_UARTEx_RxEventCallback  stm32l5xx_hal_uart.o
    0x08005078   0x08005078   0x0000000c   Code   RO         1701    .text.HAL_UARTEx_RxFifoFullCallback  stm32l5xx_hal_uart_ex.o
    0x08005084   0x08005084   0x0000008e   Code   RO         1723    .text.HAL_UARTEx_SetRxFifoThreshold  stm32l5xx_hal_uart_ex.o
    0x08005112   0x08005112   0x00000002   PAD
    0x08005114   0x08005114   0x0000008e   Code   RO         1721    .text.HAL_UARTEx_SetTxFifoThreshold  stm32l5xx_hal_uart_ex.o
    0x080051a2   0x080051a2   0x00000002   PAD
    0x080051a4   0x080051a4   0x0000000c   Code   RO         1703    .text.HAL_UARTEx_TxFifoEmptyCallback  stm32l5xx_hal_uart_ex.o
    0x080051b0   0x080051b0   0x0000000c   Code   RO         1699    .text.HAL_UARTEx_WakeupCallback  stm32l5xx_hal_uart_ex.o
    0x080051bc   0x080051bc   0x0000000c   Code   RO         1640    .text.HAL_UART_ErrorCallback  stm32l5xx_hal_uart.o
    0x080051c8   0x080051c8   0x00000490   Code   RO         1636    .text.HAL_UART_IRQHandler  stm32l5xx_hal_uart.o
    0x08005658   0x08005658   0x000000ae   Code   RO         1548    .text.HAL_UART_Init  stm32l5xx_hal_uart.o
    0x08005706   0x08005706   0x00000002   PAD
    0x08005708   0x08005708   0x000002a2   Code   RO          122    .text.HAL_UART_MspInit  usart.o
    0x080059aa   0x080059aa   0x00000002   PAD
    0x080059ac   0x080059ac   0x00000082   Code   RO         1584    .text.HAL_UART_Receive_IT  stm32l5xx_hal_uart.o
    0x08005a2e   0x08005a2e   0x00000002   PAD
    0x08005a30   0x08005a30   0x00000074   Code   RO           19    .text.HAL_UART_RxCpltCallback  main.o
    0x08005aa4   0x08005aa4   0x0000016a   Code   RO         1568    .text.HAL_UART_Transmit  stm32l5xx_hal_uart.o
    0x08005c0e   0x08005c0e   0x00000002   PAD
    0x08005c10   0x08005c10   0x0000000c   Code   RO         1646    .text.HAL_UART_TxCpltCallback  stm32l5xx_hal_uart.o
    0x08005c1c   0x08005c1c   0x00000004   Code   RO          145    .text.HardFault_Handler  stm32l5xx_it.o
    0x08005c20   0x08005c20   0x00000046   Code   RO          332    .text.I2C_Flush_TXDR  stm32l5xx_hal_i2c.o
    0x08005c66   0x08005c66   0x00000002   PAD
    0x08005c68   0x08005c68   0x000000f8   Code   RO          348    .text.I2C_IsAcknowledgeFailed  stm32l5xx_hal_i2c.o
    0x08005d60   0x08005d60   0x000000d6   Code   RO          260    .text.I2C_RequestMemoryRead  stm32l5xx_hal_i2c.o
    0x08005e36   0x08005e36   0x00000002   PAD
    0x08005e38   0x08005e38   0x000000d8   Code   RO          256    .text.I2C_RequestMemoryWrite  stm32l5xx_hal_i2c.o
    0x08005f10   0x08005f10   0x00000062   Code   RO          204    .text.I2C_TransferConfig  stm32l5xx_hal_i2c.o
    0x08005f72   0x08005f72   0x00000002   PAD
    0x08005f74   0x08005f74   0x000000a0   Code   RO          202    .text.I2C_WaitOnFlagUntilTimeout  stm32l5xx_hal_i2c.o
    0x08006014   0x08006014   0x00000098   Code   RO          208    .text.I2C_WaitOnSTOPFlagUntilTimeout  stm32l5xx_hal_i2c.o
    0x080060ac   0x080060ac   0x000000a4   Code   RO          206    .text.I2C_WaitOnTXISFlagUntilTimeout  stm32l5xx_hal_i2c.o
    0x08006150   0x08006150   0x0000001a   Code   RO         2007    .text.IsQueEmpty    queue.o
    0x0800616a   0x0800616a   0x00000002   PAD
    0x0800616c   0x0800616c   0x00000038   Code   RO         2009    .text.IsQueFull     queue.o
    0x080061a4   0x080061a4   0x0000009c   Code   RO         1832    .text.LSM6DSO_ACC_GYRO_GetRawAccData  lsm6dso.o
    0x08006240   0x08006240   0x0000009c   Code   RO         1846    .text.LSM6DSO_ACC_GYRO_GetRawGyroData  lsm6dso.o
    0x080062dc   0x080062dc   0x0000009c   Code   RO         1834    .text.LSM6DSO_ACC_GYRO_Get_GetFIFOData  lsm6dso.o
    0x08006378   0x08006378   0x0000004e   Code   RO         1848    .text.LSM6DSO_ACC_GYRO_R_FS_125  lsm6dso.o
    0x080063c6   0x080063c6   0x00000002   PAD
    0x080063c8   0x080063c8   0x0000004e   Code   RO         1840    .text.LSM6DSO_ACC_GYRO_R_FS_G  lsm6dso.o
    0x08006416   0x08006416   0x00000002   PAD
    0x08006418   0x08006418   0x0000004e   Code   RO         1830    .text.LSM6DSO_ACC_GYRO_R_FS_XL  lsm6dso.o
    0x08006466   0x08006466   0x00000002   PAD
    0x08006468   0x08006468   0x0000004e   Code   RO         1822    .text.LSM6DSO_ACC_GYRO_R_GDA  lsm6dso.o
    0x080064b6   0x080064b6   0x00000002   PAD
    0x080064b8   0x080064b8   0x00000044   Code   RO         1810    .text.LSM6DSO_ACC_GYRO_R_WHO_AM_I  lsm6dso.o
    0x080064fc   0x080064fc   0x0000004e   Code   RO         1818    .text.LSM6DSO_ACC_GYRO_R_XLDA  lsm6dso.o
    0x0800654a   0x0800654a   0x00000002   PAD
    0x0800654c   0x0800654c   0x00000056   Code   RO         1814    .text.LSM6DSO_ACC_GYRO_ReadReg  lsm6dso.o
    0x080065a2   0x080065a2   0x00000002   PAD
    0x080065a4   0x080065a4   0x0000006e   Code   RO         1806    .text.LSM6DSO_ACC_GYRO_W_BDU  lsm6dso.o
    0x08006612   0x08006612   0x00000002   PAD
    0x08006614   0x08006614   0x0000006e   Code   RO         1798    .text.LSM6DSO_ACC_GYRO_W_FS_G  lsm6dso.o
    0x08006682   0x08006682   0x00000002   PAD
    0x08006684   0x08006684   0x0000006e   Code   RO         1804    .text.LSM6DSO_ACC_GYRO_W_FS_XL  lsm6dso.o
    0x080066f2   0x080066f2   0x00000002   PAD
    0x080066f4   0x080066f4   0x0000006e   Code   RO         1796    .text.LSM6DSO_ACC_GYRO_W_ODR_G  lsm6dso.o
    0x08006762   0x08006762   0x00000002   PAD
    0x08006764   0x08006764   0x0000006e   Code   RO         1802    .text.LSM6DSO_ACC_GYRO_W_ODR_XL  lsm6dso.o
    0x080067d2   0x080067d2   0x00000002   PAD
    0x080067d4   0x080067d4   0x0000006e   Code   RO         1812    .text.LSM6DSO_ACC_GYRO_W_SW_RESET  lsm6dso.o
    0x08006842   0x08006842   0x00000002   PAD
    0x08006844   0x08006844   0x00000056   Code   RO         1826    .text.LSM6DSO_ACC_GYRO_WriteReg  lsm6dso.o
    0x0800689a   0x0800689a   0x00000002   PAD
    0x0800689c   0x0800689c   0x0000016e   Code   RO         1820    .text.LSM6DSO_ACC_Get_Acceleration  lsm6dso.o
    0x08006a0a   0x08006a0a   0x00000002   PAD
    0x08006a0c   0x08006a0c   0x00000194   Code   RO         1824    .text.LSM6DSO_ACC_Get_AngularRate  lsm6dso.o
    0x08006ba0   0x08006ba0   0x00000098   Code   RO         1808    .text.LSM6DSO_Init  lsm6dso.o
    0x08006c38   0x08006c38   0x00000056   Code   RO         2023    .text.LeaveQue      queue.o
    0x08006c8e   0x08006c8e   0x00000002   PAD
    0x08006c90   0x08006c90   0x00000088   Code   RO         1816    .text.Loop_Sample_Aquisition  lsm6dso.o
    0x08006d18   0x08006d18   0x00000036   Code   RO         1932    .text.MODEM_PWRKEY  es600s.o
    0x08006d4e   0x08006d4e   0x00000002   PAD
    0x08006d50   0x08006d50   0x0000001e   Code   RO         1930    .text.MODEM_PWRON   es600s.o
    0x08006d6e   0x08006d6e   0x00000002   PAD
    0x08006d70   0x08006d70   0x00000032   Code   RO         1934    .text.MODEM_RST     es600s.o
    0x08006da2   0x08006da2   0x00000002   PAD
    0x08006da4   0x08006da4   0x000001f4   Code   RO           41    .text.MX_GPIO_Init  gpio.o
    0x08006f98   0x08006f98   0x00000076   Code   RO           50    .text.MX_I2C1_Init  i2c.o
    0x0800700e   0x0800700e   0x00000002   PAD
    0x08007010   0x08007010   0x00000076   Code   RO           52    .text.MX_I2C3_Init  i2c.o
    0x08007086   0x08007086   0x00000002   PAD
    0x08007088   0x08007088   0x00000076   Code   RO           54    .text.MX_I2C4_Init  i2c.o
    0x080070fe   0x080070fe   0x00000002   PAD
    0x08007100   0x08007100   0x00000054   Code   RO           81    .text.MX_SPI3_Init  spi.o
    0x08007154   0x08007154   0x000000f0   Code   RO           96    .text.MX_TIM3_Init  tim.o
    0x08007244   0x08007244   0x00000064   Code   RO          100    .text.MX_TIM6_Init  tim.o
    0x080072a8   0x080072a8   0x0000008e   Code   RO          116    .text.MX_UART4_Init  usart.o
    0x08007336   0x08007336   0x00000002   PAD
    0x08007338   0x08007338   0x0000008e   Code   RO          118    .text.MX_USART2_UART_Init  usart.o
    0x080073c6   0x080073c6   0x00000002   PAD
    0x080073c8   0x080073c8   0x00000092   Code   RO          120    .text.MX_USART3_UART_Init  usart.o
    0x0800745a   0x0800745a   0x00000002   PAD
    0x0800745c   0x0800745c   0x00000004   Code   RO          147    .text.MemManage_Handler  stm32l5xx_it.o
    0x08007460   0x08007460   0x0000000a   Code   RO          143    .text.NMI_Handler   stm32l5xx_it.o
    0x0800746a   0x0800746a   0x00000002   PAD
    0x0800746c   0x0800746c   0x00000080   Code   RO          956    .text.NVIC_EncodePriority  stm32l5xx_hal_cortex.o
    0x080074ec   0x080074ec   0x00000002   Code   RO          157    .text.PendSV_Handler  stm32l5xx_it.o
    0x080074ee   0x080074ee   0x00000002   PAD
    0x080074f0   0x080074f0   0x00000024   Code   RO         1992    .text.PopATcmd      protocol.o
    0x08007514   0x08007514   0x00000224   Code   RO          503    .text.RCCEx_PLLSAI1_Config  stm32l5xx_hal_rcc_ex.o
    0x08007738   0x08007738   0x00000188   Code   RO          505    .text.RCCEx_PLLSAI2_Config  stm32l5xx_hal_rcc_ex.o
    0x080078c0   0x080078c0   0x00000126   Code   RO          469    .text.RCC_GetSysClockFreqFromPLLSource  stm32l5xx_hal_rcc.o
    0x080079e6   0x080079e6   0x00000002   PAD
    0x080079e8   0x080079e8   0x000000fc   Code   RO          463    .text.RCC_SetFlashLatencyFromMSIRange  stm32l5xx_hal_rcc.o
    0x08007ae4   0x08007ae4   0x000000d0   Code   RO         1083    .text.SPI_EndRxTransaction  stm32l5xx_hal_spi.o
    0x08007bb4   0x08007bb4   0x000000ac   Code   RO         1077    .text.SPI_EndRxTxTransaction  stm32l5xx_hal_spi.o
    0x08007c60   0x08007c60   0x00000152   Code   RO         1133    .text.SPI_WaitFifoStateUntilTimeout  stm32l5xx_hal_spi.o
    0x08007db2   0x08007db2   0x00000002   PAD
    0x08007db4   0x08007db4   0x0000013a   Code   RO         1135    .text.SPI_WaitFlagStateUntilTimeout  stm32l5xx_hal_spi.o
    0x08007eee   0x08007eee   0x00000002   PAD
    0x08007ef0   0x08007ef0   0x00000002   Code   RO          153    .text.SVC_Handler   stm32l5xx_it.o
    0x08007ef2   0x08007ef2   0x00000002   PAD
    0x08007ef4   0x08007ef4   0x00000104   Code   RO         1962    .text.Send_AT_Command  es600s.o
    0x08007ff8   0x08007ff8   0x00000050   Code   RO         1940    .text.Send_AT_Command_Timeout  es600s.o
    0x08008048   0x08008048   0x0000005c   Code   RO          972    .text.SysTick_Config  stm32l5xx_hal_cortex.o
    0x080080a4   0x080080a4   0x00000008   Code   RO          159    .text.SysTick_Handler  stm32l5xx_it.o
    0x080080ac   0x080080ac   0x00000092   Code   RO           13    .text.SystemClock_Config  main.o
    0x0800813e   0x0800813e   0x00000002   PAD
    0x08008140   0x08008140   0x0000017e   Code   RO         1742    .text.SystemCoreClockUpdate  system_stm32l5xx.o
    0x080082be   0x080082be   0x00000002   PAD
    0x080082c0   0x080082c0   0x00000012   Code   RO         1740    .text.SystemInit    system_stm32l5xx.o
    0x080082d2   0x080082d2   0x00000002   PAD
    0x080082d4   0x080082d4   0x00000010   Code   RO          167    .text.TIM6_IRQHandler  stm32l5xx_it.o
    0x080082e4   0x080082e4   0x000001a8   Code   RO         1200    .text.TIM_Base_SetConfig  stm32l5xx_hal_tim.o
    0x0800848c   0x0800848c   0x0000004a   Code   RO         1234    .text.TIM_CCxChannelCmd  stm32l5xx_hal_tim.o
    0x080084d6   0x080084d6   0x00000002   PAD
    0x080084d8   0x080084d8   0x0000004a   Code   RO         1390    .text.TIM_ETR_SetConfig  stm32l5xx_hal_tim.o
    0x08008522   0x08008522   0x00000002   PAD
    0x08008524   0x08008524   0x00000038   Code   RO         1396    .text.TIM_ITRx_SetConfig  stm32l5xx_hal_tim.o
    0x0800855c   0x0800855c   0x0000015c   Code   RO         1344    .text.TIM_OC1_SetConfig  stm32l5xx_hal_tim.o
    0x080086b8   0x080086b8   0x0000017e   Code   RO         1346    .text.TIM_OC2_SetConfig  stm32l5xx_hal_tim.o
    0x08008836   0x08008836   0x00000002   PAD
    0x08008838   0x08008838   0x0000017c   Code   RO         1348    .text.TIM_OC3_SetConfig  stm32l5xx_hal_tim.o
    0x080089b4   0x080089b4   0x000000e4   Code   RO         1350    .text.TIM_OC4_SetConfig  stm32l5xx_hal_tim.o
    0x08008a98   0x08008a98   0x000000da   Code   RO         1352    .text.TIM_OC5_SetConfig  stm32l5xx_hal_tim.o
    0x08008b72   0x08008b72   0x00000002   PAD
    0x08008b74   0x08008b74   0x000000dc   Code   RO         1354    .text.TIM_OC6_SetConfig  stm32l5xx_hal_tim.o
    0x08008c50   0x08008c50   0x00000062   Code   RO         1394    .text.TIM_TI1_ConfigInputStage  stm32l5xx_hal_tim.o
    0x08008cb2   0x08008cb2   0x00000002   PAD
    0x08008cb4   0x08008cb4   0x00000064   Code   RO         1398    .text.TIM_TI2_ConfigInputStage  stm32l5xx_hal_tim.o
    0x08008d18   0x08008d18   0x00000010   Code   RO          173    .text.UART4_IRQHandler  stm32l5xx_it.o
    0x08008d28   0x08008d28   0x000000a8   Code   RO         1717    .text.UARTEx_SetNbDataToProcess  stm32l5xx_hal_uart_ex.o
    0x08008dd0   0x08008dd0   0x0000013e   Code   RO         1554    .text.UART_AdvFeatureConfig  stm32l5xx_hal_uart.o
    0x08008f0e   0x08008f0e   0x00000002   PAD
    0x08008f10   0x08008f10   0x000000a8   Code   RO         1556    .text.UART_CheckIdleState  stm32l5xx_hal_uart.o
    0x08008fb8   0x08008fb8   0x00000028   Code   RO         1638    .text.UART_DMAAbortOnError  stm32l5xx_hal_uart.o
    0x08008fe0   0x08008fe0   0x00000054   Code   RO         1608    .text.UART_EndRxTransfer  stm32l5xx_hal_uart.o
    0x08009034   0x08009034   0x0000002e   Code   RO         1644    .text.UART_EndTransmit_IT  stm32l5xx_hal_uart.o
    0x08009062   0x08009062   0x00000002   PAD
    0x08009064   0x08009064   0x000000ca   Code   RO         1680    .text.UART_RxISR_16BIT  stm32l5xx_hal_uart.o
    0x0800912e   0x0800912e   0x00000002   PAD
    0x08009130   0x08009130   0x0000022c   Code   RO         1676    .text.UART_RxISR_16BIT_FIFOEN  stm32l5xx_hal_uart.o
    0x0800935c   0x0800935c   0x000000c6   Code   RO         1682    .text.UART_RxISR_8BIT  stm32l5xx_hal_uart.o
    0x08009422   0x08009422   0x00000002   PAD
    0x08009424   0x08009424   0x00000228   Code   RO         1678    .text.UART_RxISR_8BIT_FIFOEN  stm32l5xx_hal_uart.o
    0x0800964c   0x0800964c   0x000005c2   Code   RO         1552    .text.UART_SetConfig  stm32l5xx_hal_uart.o
    0x08009c0e   0x08009c0e   0x00000002   PAD
    0x08009c10   0x08009c10   0x000001b4   Code   RO         1586    .text.UART_Start_Receive_IT  stm32l5xx_hal_uart.o
    0x08009dc4   0x08009dc4   0x0000011e   Code   RO         1570    .text.UART_WaitOnFlagUntilTimeout  stm32l5xx_hal_uart.o
    0x08009ee2   0x08009ee2   0x00000002   PAD
    0x08009ee4   0x08009ee4   0x00000010   Code   RO          169    .text.USART2_IRQHandler  stm32l5xx_it.o
    0x08009ef4   0x08009ef4   0x00000010   Code   RO          171    .text.USART3_IRQHandler  stm32l5xx_it.o
    0x08009f04   0x08009f04   0x00000004   Code   RO          151    .text.UsageFault_Handler  stm32l5xx_it.o
    0x08009f08   0x08009f08   0x00000030   Code   RO          960    .text.__NVIC_EnableIRQ  stm32l5xx_hal_cortex.o
    0x08009f38   0x08009f38   0x00000010   Code   RO          952    .text.__NVIC_GetPriorityGrouping  stm32l5xx_hal_cortex.o
    0x08009f48   0x08009f48   0x00000042   Code   RO          954    .text.__NVIC_SetPriority  stm32l5xx_hal_cortex.o
    0x08009f8a   0x08009f8a   0x00000002   PAD
    0x08009f8c   0x08009f8c   0x00000040   Code   RO          948    .text.__NVIC_SetPriorityGrouping  stm32l5xx_hal_cortex.o
    0x08009fcc   0x08009fcc   0x00000084   Code   RO         1944    .text.at_parse_recv  es600s.o
    0x0800a050   0x0800a050   0x000000f0   Code   RO         1942    .text.at_process    es600s.o
    0x0800a140   0x0800a140   0x0000005a   Code   RO         1964    .text.cmpdata       es600s.o
    0x0800a19a   0x0800a19a   0x00000002   PAD
    0x0800a19c   0x0800a19c   0x0000007c   Code   RO         1960    .text.get_uart_data  es600s.o
    0x0800a218   0x0800a218   0x0000002a   Code   RO         1936    .text.get_work_state  es600s.o
    0x0800a242   0x0800a242   0x00000002   PAD
    0x0800a244   0x0800a244   0x0000007a   Code   RO         1800    .text.init_LSM6DSO_ACC  lsm6dso.o
    0x0800a2be   0x0800a2be   0x00000002   PAD
    0x0800a2c0   0x0800a2c0   0x00000060   Code   RO         1794    .text.init_LSM6DSO_GYRO  lsm6dso.o
    0x0800a320   0x0800a320   0x000000fe   Code   RO           11    .text.main          main.o
    0x0800a41e   0x0800a41e   0x00000002   PAD
    0x0800a420   0x0800a420   0x00000066   Code   RO         1938    .text.module_init   es600s.o
    0x0800a486   0x0800a486   0x00000002   PAD
    0x0800a488   0x0800a488   0x00000186   Code   RO         1970    .text.parse_another_cmd  es600s.o
    0x0800a60e   0x0800a60e   0x00000002   PAD
    0x0800a610   0x0800a610   0x00000088   Code   RO         1916    .text.parse_cops_cmd  es600s.o
    0x0800a698   0x0800a698   0x000000ce   Code   RO         1926    .text.parse_creg_cmd  es600s.o
    0x0800a766   0x0800a766   0x00000002   PAD
    0x0800a768   0x0800a768   0x00000072   Code   RO         1924    .text.parse_csq_cmd  es600s.o
    0x0800a7da   0x0800a7da   0x00000002   PAD
    0x0800a7dc   0x0800a7dc   0x00000016   Code   RO         1996    .text.parse_http_pkg  protocol.o
    0x0800a7f2   0x0800a7f2   0x00000002   PAD
    0x0800a7f4   0x0800a7f4   0x00000068   Code   RO         1920    .text.parse_imei_cmd  es600s.o
    0x0800a85c   0x0800a85c   0x00000066   Code   RO         1918    .text.parse_imsi_cmd  es600s.o
    0x0800a8c2   0x0800a8c2   0x00000002   PAD
    0x0800a8c4   0x0800a8c4   0x0000014e   Code   RO         1968    .text.parse_package_type  es600s.o
    0x0800aa12   0x0800aa12   0x00000002   PAD
    0x0800aa14   0x0800aa14   0x0000006a   Code   RO         1922    .text.parse_qccid_cmd  es600s.o
    0x0800aa7e   0x0800aa7e   0x00000002   PAD
    0x0800aa80   0x0800aa80   0x00000182   Code   RO         1990    .text.push_interval_package_process  protocol.o
    0x0800ac02   0x0800ac02   0x00000002   PAD
    0x0800ac04   0x0800ac04   0x0000028e   Code   RO         1762    .text.spl0607_get_calib_param  spl06.o
    0x0800ae92   0x0800ae92   0x00000002   PAD
    0x0800ae94   0x0800ae94   0x0000005c   Code   RO         1778    .text.spl0607_init  spl06.o
    0x0800aef0   0x0800aef0   0x0000025c   Code   RO         1760    .text.spl0607_rateset  spl06.o
    0x0800b14c   0x0800b14c   0x0000005a   Code   RO         1758    .text.spl0607_read  spl06.o
    0x0800b1a6   0x0800b1a6   0x00000002   PAD
    0x0800b1a8   0x0800b1a8   0x00000022   Code   RO         1768    .text.spl0607_start_continuous  spl06.o
    0x0800b1ca   0x0800b1ca   0x00000002   PAD
    0x0800b1cc   0x0800b1cc   0x0000004e   Code   RO         1756    .text.spl0607_write  spl06.o
    0x0800b21a   0x0800b21a   0x00000002   PAD
    0x0800b21c   0x0800b21c   0x00000200   Code   RO         1966    .text.split_diff_type  es600s.o
    0x0800b41c   0x0800b41c   0x00000008   Code   RO         2400    i.__aeabi_errno_addr  mc_w.l(errno.o)
    0x0800b424   0x0800b424   0x0000000e   Code   RO         2481    i.__scatterload_copy  mc_w.l(handlers.o)
    0x0800b432   0x0800b432   0x00000002   Code   RO         2482    i.__scatterload_null  mc_w.l(handlers.o)
    0x0800b434   0x0800b434   0x0000000e   Code   RO         2483    i.__scatterload_zeroinit  mc_w.l(handlers.o)
    0x0800b442   0x0800b442   0x00000081   Data   RO         2432    .constdata          mc_w.l(ctype_o.o)
    0x0800b4c3   0x0800b4c3   0x00000001   PAD
    0x0800b4c4   0x0800b4c4   0x00000004   Data   RO         2433    .constdata          mc_w.l(ctype_o.o)
    0x0800b4c8   0x0800b4c8   0x00000010   Data   RO         1745    .rodata.AHBPrescTable  system_stm32l5xx.o
    0x0800b4d8   0x0800b4d8   0x00000008   Data   RO         1746    .rodata.APBPrescTable  system_stm32l5xx.o
    0x0800b4e0   0x0800b4e0   0x00000020   Data   RO         1861    .rodata.LSM6DSO_ACC_Sensitivity_List  lsm6dso.o
    0x0800b500   0x0800b500   0x00000028   Data   RO         1862    .rodata.LSM6DSO_GYRO_Sensitivity_List  lsm6dso.o
    0x0800b528   0x0800b528   0x00000040   Data   RO         1747    .rodata.MSIRangeTable  system_stm32l5xx.o
    0x0800b568   0x0800b568   0x00000018   Data   RO         1688    .rodata.UARTPrescTable  stm32l5xx_hal_uart.o
    0x0800b580   0x0800b580   0x00000068   Data   RO         1979    .rodata.str1.1      es600s.o
    0x0800b5e8   0x0800b5e8   0x00000020   Data   RO         2480    Region$$Table       anon$$obj.o


    Execution Region RW_IRAM1 (Exec base: 0x20000000, Load base: 0x0800b608, Size: 0x000014e8, Max: 0x00040000, ABSOLUTE, COMPRESSED[0x000000a8])

    Exec Addr    Load Addr    Size         Type   Attr      Idx    E Section Name        Object

    0x20000000   COMPRESSED   0x00000004   Data   RW         2403    .data               mc_w.l(errno.o)
    0x20000004   COMPRESSED   0x00000004   Data   RW         1744    .data.SystemCoreClock  system_stm32l5xx.o
    0x20000008   COMPRESSED   0x00000640   Data   RW         1975    .data.at_pack       es600s.o
    0x20000648   COMPRESSED   0x00000014   Data   RW         1855    .data.lsm6dso_gyro  lsm6dso.o
    0x2000065c   COMPRESSED   0x00000014   Data   RW         1856    .data.lsm6dso_xl    lsm6dso.o
    0x20000670   COMPRESSED   0x00000004   Data   RW          449    .data.uwTickFreq    stm32l5xx_hal.o
    0x20000674   COMPRESSED   0x00000004   Data   RW          448    .data.uwTickPrio    stm32l5xx_hal.o
    0x20000678        -       0x0000000c   Zero   RW         1858    .bss.Acceleration_mG  lsm6dso.o
    0x20000684        -       0x0000000c   Zero   RW         1860    .bss.AngularRate_mdps  lsm6dso.o
    0x20000690        -       0x00000002   Zero   RW           23    .bss.ID             main.o
    0x20000692   COMPRESSED   0x00000002   PAD
    0x20000694        -       0x00000080   Zero   RW         1976    .bss.Modem_Dev      es600s.o
    0x20000714        -       0x000000ff   Zero   RW         1981    .bss.another_buf    es600s.o
    0x20000813   COMPRESSED   0x00000001   PAD
    0x20000814        -       0x00000058   Zero   RW         2027    .bss.at_send_Queue  queue.o
    0x2000086c        -       0x00000002   Zero   RW         1977    .bss.connect_times  es600s.o
    0x2000086e        -       0x00000002   Zero   RW           22    .bss.dir            main.o
    0x20000870        -       0x00000001   Zero   RW           30    .bss.flag_delay1s   main.o
    0x20000871        -       0x00000001   Zero   RW           28    .bss.flag_delay200ms  main.o
    0x20000872        -       0x00000001   Zero   RW           31    .bss.flag_delay3s   main.o
    0x20000873        -       0x00000001   Zero   RW           29    .bss.flag_delay500ms  main.o
    0x20000874        -       0x00000024   Zero   RW           32    .bss.g_Info         main.o
    0x20000898        -       0x00000054   Zero   RW           60    .bss.hi2c1          i2c.o
    0x200008ec        -       0x00000054   Zero   RW           61    .bss.hi2c3          i2c.o
    0x20000940        -       0x00000054   Zero   RW           62    .bss.hi2c4          i2c.o
    0x20000994        -       0x00000068   Zero   RW           87    .bss.hspi3          spi.o
    0x200009fc        -       0x00000070   Zero   RW          106    .bss.htim3          tim.o
    0x20000a6c        -       0x00000070   Zero   RW          107    .bss.htim6          tim.o
    0x20000adc        -       0x000000ff   Zero   RW         1980    .bss.http_buf       es600s.o
    0x20000bdb   COMPRESSED   0x00000001   PAD
    0x20000bdc        -       0x00000090   Zero   RW          129    .bss.huart2         usart.o
    0x20000c6c        -       0x00000090   Zero   RW          130    .bss.huart3         usart.o
    0x20000cfc        -       0x00000090   Zero   RW          128    .bss.huart4         usart.o
    0x20000d8c        -       0x00000004   Zero   RW           24    .bss.i              main.o
    0x20000d90        -       0x000000ff   Zero   RW         1905    .bss.module_recv_buffer  bsp_uart.o
    0x20000e8f   COMPRESSED   0x00000001   PAD
    0x20000e90        -       0x00000002   Zero   RW         1906    .bss.module_recv_write_index  bsp_uart.o
    0x20000e92   COMPRESSED   0x00000002   PAD
    0x20000e94        -       0x00000004   Zero   RW         1782    .bss.p_spl0607      spl06.o
    0x20000e98        -       0x00000001   Zero   RW         1998    .bss.push_interval_package_process.delay_index  protocol.o
    0x20000e99   COMPRESSED   0x00000001   PAD
    0x20000e9a        -       0x00000002   Zero   RW           21    .bss.pwmVal         main.o
    0x20000e9c        -       0x00000100   Zero   RW           26    .bss.rData          main.o
    0x20000f9c        -       0x00000002   Zero   RW         1973    .bss.recv_read_end_index  es600s.o
    0x20000f9e        -       0x00000002   Zero   RW         1972    .bss.recv_read_start_index  es600s.o
    0x20000fa0        -       0x0000002c   Zero   RW         1783    .bss.spl0607        spl06.o
    0x20000fcc        -       0x00000004   Zero   RW           27    .bss.tim6_cnt       main.o
    0x20000fd0        -       0x00000001   Zero   RW          131    .bss.usart3_recbuf  usart.o
    0x20000fd1   COMPRESSED   0x00000003   PAD
    0x20000fd4        -       0x00000004   Zero   RW          450    .bss.uwTick         stm32l5xx_hal.o
    0x20000fd8        -       0x00000004   Zero   RW         1859    .bss.value_G        lsm6dso.o
    0x20000fdc        -       0x00000004   Zero   RW         1857    .bss.value_XL       lsm6dso.o
    0x20000fe0        -       0x00000100   Zero   RW           25    .bss.wData          main.o
    0x200010e0        -       0x00000001   Zero   RW         1854    .bss.who_am_i       lsm6dso.o
    0x200010e1   COMPRESSED   0x00000007   PAD
    0x200010e8        -       0x00000400   Zero   RW            1    STACK               startup_stm32l552xx.o


==============================================================================

Image component sizes


      Code (inc. data)   RO Data    RW Data    ZI Data      Debug   Object Name

        58          0          0          0        257       1006   bsp_uart.o
      3414          0        104       1600        644       9726   es600s.o
       500          0          0          0          0       5065   gpio.o
       934          0          0          0        252       8216   i2c.o
      3034         28         72         40         33      10497   lsm6dso.o
       956          0          0          0        566       7936   main.o
       444          0          0          0          1       1483   protocol.o
       248          0          0          0         88       1939   queue.o
       308          0          0          0        104       5869   spi.o
      1552          0          0          0         48       4264   spl06.o
        40         10        500          0       1024        848   startup_stm32l552xx.o
       302          0          0          8          4       9535   stm32l5xx_hal.o
       542          0          0          0          0       9228   stm32l5xx_hal_cortex.o
       338          0          0          0          0       8592   stm32l5xx_hal_dma.o
      1092          0          0          0          0       4651   stm32l5xx_hal_gpio.o
      2888          0          0          0          0      33859   stm32l5xx_hal_i2c.o
       290          0          0          0          0       6701   stm32l5xx_hal_i2c_ex.o
        82          0          0          0          0       1943   stm32l5xx_hal_msp.o
       352          0          0          0          0      10784   stm32l5xx_hal_pwr_ex.o
      4714          0          0          0          0      12386   stm32l5xx_hal_rcc.o
      2870          0          0          0          0      17718   stm32l5xx_hal_rcc_ex.o
      3846          0          0          0          0      21571   stm32l5xx_hal_spi.o
      5350         22          0          0          0      36624   stm32l5xx_hal_tim.o
       358          0          0          0          0      17584   stm32l5xx_hal_tim_ex.o
      6238         48         24          0          0      24127   stm32l5xx_hal_uart.o
       610          0          0          0          0       8577   stm32l5xx_hal_uart_ex.o
       136          0          0          0          0       1814   stm32l5xx_it.o
       400         14         88          4          0       3583   system_stm32l5xx.o
       588          0          0          0        224       9729   tim.o
      1104          0          0          0        433      11093   usart.o
       944          0          0          0          0       3329   w25qxx.o

    ----------------------------------------------------------------------
     44752        122        820       1652       3696     310277   Object Totals
         0          0         32          0          0          0   (incl. Generated)
       220          0          0          0         18          0   (incl. Padding)

    ----------------------------------------------------------------------

      Code (inc. data)   RO Data    RW Data    ZI Data      Debug   Library Member Name

        86          0          0          0          0          0   __dczerorl2.o
        28          0          0          0          0         68   _chval.o
       158          0          0          0          0         92   _strtoul.o
        26          0          0          0          0         80   atoi.o
         8          4        133          0          0         68   ctype_o.o
         0          0          0          0          0          0   entry.o
         0          0          0          0          0          0   entry10a.o
         0          0          0          0          0          0   entry11a.o
         8          4          0          0          0          0   entry2.o
         4          0          0          0          0          0   entry5.o
         0          0          0          0          0          0   entry7b.o
         0          0          0          0          0          0   entry8b.o
         8          4          0          0          0          0   entry9a.o
         8          4          0          4          0         68   errno.o
        30          0          0          0          0          0   handlers.o
        36          8          0          0          0         68   init.o
        98          0          0          0          0         84   ldiv.o
        30          0          0          0          0         68   llshl.o
        32          0          0          0          0         68   llushr.o
        36          0          0          0          0         68   memcpya.o
        36          0          0          0          0        108   memseta.o
        14          0          0          0          0         68   strlen.o
        36          0          0          0          0         80   strstr.o
       112          0          0          0          0         88   strtol.o
        98          0          0          0          0         92   uldiv.o

    ----------------------------------------------------------------------
       894         24        134          4          0       1168   Library Totals
         2          0          1          0          0          0   (incl. Padding)

    ----------------------------------------------------------------------

      Code (inc. data)   RO Data    RW Data    ZI Data      Debug   Library Name

       892         24        133          4          0       1168   mc_w.l

    ----------------------------------------------------------------------
       894         24        134          4          0       1168   Library Totals

    ----------------------------------------------------------------------

==============================================================================


      Code (inc. data)   RO Data    RW Data    ZI Data      Debug   

     45646        146        954       1656       3696     310745   Grand Totals
     45646        146        954        168       3696     310745   ELF Image Totals (compressed)
     45646        146        954        168          0          0   ROM Totals

==============================================================================

    Total RO  Size (Code + RO Data)                46600 (  45.51kB)
    Total RW  Size (RW Data + ZI Data)              5352 (   5.23kB)
    Total ROM Size (Code + RO Data + RW Data)      46768 (  45.67kB)

==============================================================================

